#
# There is insufficient memory for the Java Runtime Environment to continue.
# Native memory allocation (malloc) failed to allocate 213456 bytes. Error detail: Chunk::new
# Possible reasons:
#   The system is out of physical RAM or swap space
#   This process is running with CompressedOops enabled, and the Java Heap may be blocking the growth of the native heap
# Possible solutions:
#   Reduce memory load on the system
#   Increase physical memory or swap space
#   Check if swap backing store is full
#   Decrease Java heap size (-Xmx/-Xms)
#   Decrease number of Java threads
#   Decrease Java thread stack sizes (-Xss)
#   Set larger code cache with -XX:ReservedCodeCacheSize=
#   JVM is running with Unscaled Compressed Oops mode in which the Java heap is
#     placed in the first 4GB address space. The Java Heap base address is the
#     maximum limit for the native heap growth. Please use -XX:HeapBaseMinAddress
#     to set the Java Heap base and to place the Java Heap above 4GB virtual address.
# This output file may be truncated or incomplete.
#
#  Out of Memory Error (arena.cpp:168), pid=22292, tid=23028
#
# JRE version: OpenJDK Runtime Environment Temurin-21.0.10+7 (21.0.10+7) (build 21.0.10+7-LTS)
# Java VM: OpenJDK 64-Bit Server VM Temurin-21.0.10+7 (21.0.10+7-LTS, mixed mode, sharing, tiered, compressed oops, compressed class ptrs, parallel gc, windows-amd64)
# No core dump will be written. Minidumps are not enabled by default on client versions of Windows
#

---------------  S U M M A R Y ------------

Command Line: --add-modules=ALL-SYSTEM --add-opens=java.base/java.util=ALL-UNNAMED --add-opens=java.base/java.lang=ALL-UNNAMED --add-opens=java.base/sun.nio.fs=ALL-UNNAMED -Declipse.application=org.eclipse.jdt.ls.core.id1 -Dosgi.bundles.defaultStartLevel=4 -Declipse.product=org.eclipse.jdt.ls.core.product -Djava.import.generatesMetadataFilesAtProjectRoot=false -DDetectVMInstallationsJob.disabled=true -Dfile.encoding=utf8 -XX:+UseParallelGC -XX:GCTimeRatio=4 -XX:AdaptiveSizePolicyWeight=90 -Dsun.zip.disableMemoryMapping=true -Xmx2G -Xms100m -Xlog:disable -javaagent:c:\Users\user\.vscode\extensions\redhat.java-1.53.0-win32-x64\lombok\lombok-1.18.39-4050.jar c:\Users\user\.vscode\extensions\redhat.java-1.53.0-win32-x64\server\plugins\org.eclipse.equinox.launcher_1.7.100.v20251111-0406.jar -configuration c:\Users\user\AppData\Roaming\Code\User\globalStorage\redhat.java\1.53.0\config_ss_win -data c:\Users\user\AppData\Roaming\Code\User\workspaceStorage\1497b81ebb6a540a594010e5a6647125\redhat.java\ss_ws --pipe=\\.\pipe\lsp-d84c45a9569897a32a6371356ae34b73-sock

Host: Intel(R) Core(TM) i5-6300U CPU @ 2.40GHz, 4 cores, 7G,  Windows 10 , 64 bit Build 19041 (10.0.19041.1806)
Time: Mon Apr  6 17:17:18 2026 E. Africa Standard Time elapsed time: 11.427968 seconds (0d 0h 0m 11s)

---------------  T H R E A D  ---------------

Current thread (0x000002062a8851d0):  JavaThread "C2 CompilerThread1" daemon [_thread_in_native, id=23028, stack(0x0000007b71700000,0x0000007b71800000) (1024K)]


Current CompileTask:
C2:11428 1963       4       java.io.DataInputStream::readFully (59 bytes)

Stack: [0x0000007b71700000,0x0000007b71800000]
Native frames: (J=compiled Java code, j=interpreted, Vv=VM code, C=native code)
V  [jvm.dll+0x6d7a39]
V  [jvm.dll+0x8b4b26]
V  [jvm.dll+0x8b70de]
V  [jvm.dll+0x8b77c3]
V  [jvm.dll+0x284346]
V  [jvm.dll+0xc66ed]
V  [jvm.dll+0xc6c31]
V  [jvm.dll+0x3bec01]
V  [jvm.dll+0x1e3d62]
V  [jvm.dll+0x24c6b3]
V  [jvm.dll+0x24bb40]
V  [jvm.dll+0x1cb34e]
V  [jvm.dll+0x25b85d]
V  [jvm.dll+0x259dea]
V  [jvm.dll+0x3f857e]
V  [jvm.dll+0x85f59d]
V  [jvm.dll+0x6d626d]
C  [ucrtbase.dll+0x21bb2]
C  [KERNEL32.DLL+0x17034]
C  [ntdll.dll+0x52651]


---------------  P R O C E S S  ---------------

Threads class SMR info:
_java_thread_list=0x00000206870f7230, length=16, elements={
0x000002062a944c60, 0x000002062a82fa40, 0x000002062a8312b0, 0x000002062a8321d0,
0x000002062a833cc0, 0x000002062a836af0, 0x000002062a838560, 0x000002062a8393a0,
0x000002062a8ab190, 0x000002068711ba40, 0x000002068728bac0, 0x0000020687769280,
0x00000206877e9c40, 0x00000206877ea580, 0x000002062a899b00, 0x000002062a8851d0
}

Java Threads: ( => current thread )
  0x000002062a944c60 JavaThread "main"                              [_thread_blocked, id=15144, stack(0x0000007b70200000,0x0000007b70300000) (1024K)]
  0x000002062a82fa40 JavaThread "Reference Handler"          daemon [_thread_blocked, id=19152, stack(0x0000007b70600000,0x0000007b70700000) (1024K)]
  0x000002062a8312b0 JavaThread "Finalizer"                  daemon [_thread_blocked, id=27252, stack(0x0000007b70700000,0x0000007b70800000) (1024K)]
  0x000002062a8321d0 JavaThread "Signal Dispatcher"          daemon [_thread_blocked, id=23140, stack(0x0000007b70800000,0x0000007b70900000) (1024K)]
  0x000002062a833cc0 JavaThread "Attach Listener"            daemon [_thread_blocked, id=18320, stack(0x0000007b70900000,0x0000007b70a00000) (1024K)]
  0x000002062a836af0 JavaThread "Service Thread"             daemon [_thread_blocked, id=24476, stack(0x0000007b70a00000,0x0000007b70b00000) (1024K)]
  0x000002062a838560 JavaThread "Monitor Deflation Thread"   daemon [_thread_blocked, id=20456, stack(0x0000007b70b00000,0x0000007b70c00000) (1024K)]
  0x000002062a8393a0 JavaThread "C2 CompilerThread0"         daemon [_thread_blocked, id=25060, stack(0x0000007b70c00000,0x0000007b70d00000) (1024K)]
  0x000002062a8ab190 JavaThread "C1 CompilerThread0"         daemon [_thread_blocked, id=4568, stack(0x0000007b70d00000,0x0000007b70e00000) (1024K)]
  0x000002068711ba40 JavaThread "Common-Cleaner"             daemon [_thread_blocked, id=24900, stack(0x0000007b70e00000,0x0000007b70f00000) (1024K)]
  0x000002068728bac0 JavaThread "Notification Thread"        daemon [_thread_blocked, id=24556, stack(0x0000007b70f00000,0x0000007b71000000) (1024K)]
  0x0000020687769280 JavaThread "Active Thread: Equinox Container: 7e7b724a-ae59-443f-9c28-c0b9ef95a614"        [_thread_blocked, id=23656, stack(0x0000007b71300000,0x0000007b71400000) (1024K)]
  0x00000206877e9c40 JavaThread "Framework Event Dispatcher: Equinox Container: 7e7b724a-ae59-443f-9c28-c0b9ef95a614" daemon [_thread_blocked, id=8564, stack(0x0000007b71400000,0x0000007b71500000) (1024K)]
  0x00000206877ea580 JavaThread "Start Level: Equinox Container: 7e7b724a-ae59-443f-9c28-c0b9ef95a614" daemon [_thread_in_vm, id=11796, stack(0x0000007b71500000,0x0000007b71600000) (1024K)]
  0x000002062a899b00 JavaThread "SCR Component Actor"        daemon [_thread_blocked, id=26912, stack(0x0000007b71600000,0x0000007b71700000) (1024K)]
=>0x000002062a8851d0 JavaThread "C2 CompilerThread1"         daemon [_thread_in_native, id=23028, stack(0x0000007b71700000,0x0000007b71800000) (1024K)]
Total: 16

Other Threads:
  0x000002062aa052c0 VMThread "VM Thread"                           [id=10008, stack(0x0000007b70500000,0x0000007b70600000) (1024K)]
  0x000002062a9af200 WatcherThread "VM Periodic Task Thread"        [id=25996, stack(0x0000007b70400000,0x0000007b70500000) (1024K)]
  0x000002062a9631a0 WorkerThread "GC Thread#0"                     [id=25328, stack(0x0000007b70300000,0x0000007b70400000) (1024K)]
  0x0000020687604b60 WorkerThread "GC Thread#1"                     [id=27324, stack(0x0000007b71000000,0x0000007b71100000) (1024K)]
  0x0000020687606f20 WorkerThread "GC Thread#2"                     [id=21076, stack(0x0000007b71100000,0x0000007b71200000) (1024K)]
  0x00000206879909c0 WorkerThread "GC Thread#3"                     [id=23512, stack(0x0000007b71200000,0x0000007b71300000) (1024K)]
Total: 6

Threads with active compile tasks:
C2 CompilerThread1  11487 1963       4       java.io.DataInputStream::readFully (59 bytes)
Total: 1

VM state: not at safepoint (normal execution)

VM Mutex/Monitor currently owned by a thread: None

Heap address: 0x0000000080000000, size: 2048 MB, Compressed Oops mode: 32-bit

CDS archive(s) mapped at: [0x0000020642000000-0x0000020642ba0000-0x0000020642ba0000), size 12189696, SharedBaseAddress: 0x0000020642000000, ArchiveRelocationMode: 1.
Compressed class space mapped at: 0x0000020643000000-0x0000020683000000, reserved size: 1073741824
Narrow klass base: 0x0000020642000000, Narrow klass shift: 0, Narrow klass range: 0x100000000

GC Precious Log:
 CardTable entry size: 512
 CPUs: 4 total, 4 available
 Memory: 8067M
 Large Page Support: Disabled
 NUMA Support: Disabled
 Compressed Oops: Enabled (32-bit)
 Alignments: Space 512K, Generation 512K, Heap 2M
 Heap Min Capacity: 100M
 Heap Initial Capacity: 100M
 Heap Max Capacity: 2G
 Pre-touch: Disabled
 Parallel Workers: 4

Heap:
 PSYoungGen      total 29696K, used 16947K [0x00000000d5580000, 0x00000000d7680000, 0x0000000100000000)
  eden space 25600K, 50% used [0x00000000d5580000,0x00000000d6213700,0x00000000d6e80000)
  from space 4096K, 99% used [0x00000000d7280000,0x00000000d7679820,0x00000000d7680000)
  to   space 4096K, 0% used [0x00000000d6e80000,0x00000000d6e80000,0x00000000d7280000)
 ParOldGen       total 68608K, used 1141K [0x0000000080000000, 0x0000000084300000, 0x00000000d5580000)
  object space 68608K, 1% used [0x0000000080000000,0x000000008011d6a8,0x0000000084300000)
 Metaspace       used 10699K, committed 11008K, reserved 1114112K
  class space    used 1155K, committed 1280K, reserved 1048576K

Card table byte_map: [0x000002062a2f0000,0x000002062a700000] _byte_map_base: 0x0000020629ef0000

Marking Bits: (ParMarkBitMap*) 0x00007ff9335f3450
 Begin Bits: [0x000002063ce00000, 0x000002063ee00000)
 End Bits:   [0x000002063ee00000, 0x0000020640e00000)

Polling page: 0x00000206286d0000

Metaspace:

Usage:
  Non-class:      9.32 MB used.
      Class:      1.13 MB used.
       Both:     10.45 MB used.

Virtual space:
  Non-class space:       64.00 MB reserved,       9.50 MB ( 15%) committed,  1 nodes.
      Class space:        1.00 GB reserved,       1.25 MB ( <1%) committed,  1 nodes.
             Both:        1.06 GB reserved,      10.75 MB ( <1%) committed. 

Chunk freelists:
   Non-Class:  6.08 MB
       Class:  14.69 MB
        Both:  20.77 MB

MaxMetaspaceSize: unlimited
CompressedClassSpaceSize: 1.00 GB
Initial GC threshold: 21.00 MB
Current GC threshold: 21.00 MB
CDS: on
 - commit_granule_bytes: 65536.
 - commit_granule_words: 8192.
 - virtual_space_node_default_size: 8388608.
 - enlarge_chunks_in_place: 1.
 - use_allocation_guard: 0.


Internal statistics:

num_allocs_failed_limit: 0.
num_arena_births: 250.
num_arena_deaths: 0.
num_vsnodes_births: 2.
num_vsnodes_deaths: 0.
num_space_committed: 172.
num_space_uncommitted: 0.
num_chunks_returned_to_freelist: 0.
num_chunks_taken_from_freelist: 551.
num_chunk_merges: 0.
num_chunk_splits: 356.
num_chunks_enlarged: 237.
num_inconsistent_stats: 0.

CodeHeap 'non-profiled nmethods': size=120000Kb used=838Kb max_used=838Kb free=119161Kb
 bounds [0x0000020635620000, 0x0000020635890000, 0x000002063cb50000]
CodeHeap 'profiled nmethods': size=120000Kb used=3629Kb max_used=3629Kb free=116370Kb
 bounds [0x000002062db50000, 0x000002062dee0000, 0x0000020635080000]
CodeHeap 'non-nmethods': size=5760Kb used=1221Kb max_used=1244Kb free=4538Kb
 bounds [0x0000020635080000, 0x00000206352f0000, 0x0000020635620000]
CodeCache: size=245760Kb, used=5688Kb, max_used=5711Kb, free=240069Kb
 total_blobs=2451, nmethods=1961, adapters=397, full_count=0
Compilation: enabled, stopped_count=0, restarted_count=0

Compilation events (20 events):
Event: 11.232 Thread 0x000002062a8ab190 1953       3       org.eclipse.osgi.internal.hookregistry.ClassLoaderHook::recordClassDefine (1 bytes)
Event: 11.232 Thread 0x000002062a8ab190 nmethod 1953 0x000002062ded7f10 code [0x000002062ded80a0, 0x000002062ded81a8]
Event: 11.241 Thread 0x000002062a8ab190 1954   !   3       org.eclipse.osgi.internal.loader.ModuleClassLoader::publicFindLoaded (19 bytes)
Event: 11.242 Thread 0x000002062a8ab190 nmethod 1954 0x000002062ded8290 code [0x000002062ded8480, 0x000002062ded88c8]
Event: 11.259 Thread 0x000002062a8393a0 1955       4       java.util.zip.ZipFile$Source::zipCoderForPos (39 bytes)
Event: 11.260 Thread 0x000002062a8393a0 nmethod 1955 0x00000206356ec410 code [0x00000206356ec5a0, 0x00000206356ec670]
Event: 11.326 Thread 0x000002062a8ab190 1956       3       java.io.WinNTFileSystem::normalize (143 bytes)
Event: 11.327 Thread 0x000002062a8ab190 nmethod 1956 0x000002062ded8b10 code [0x000002062ded8da0, 0x000002062ded9800]
Event: 11.341 Thread 0x000002062a8ab190 1958       3       java.lang.invoke.InnerClassLambdaMetafactory::getOpcodeOffset (38 bytes)
Event: 11.341 Thread 0x000002062a8ab190 nmethod 1958 0x000002062ded9c10 code [0x000002062ded9de0, 0x000002062deda098]
Event: 11.344 Thread 0x000002062a8ab190 1959       3       sun.invoke.util.Wrapper::isDoubleWord (15 bytes)
Event: 11.344 Thread 0x000002062a8ab190 nmethod 1959 0x000002062deda190 code [0x000002062deda320, 0x000002062deda488]
Event: 11.348 Thread 0x000002062a8393a0 1961       4       java.lang.Object::equals (11 bytes)
Event: 11.348 Thread 0x000002062a8393a0 nmethod 1961 0x00000206356ecd10 code [0x00000206356ecea0, 0x00000206356ecf38]
Event: 11.374 Thread 0x000002062a8393a0 1962   !   4       java.io.BufferedInputStream::read (69 bytes)
Event: 11.394 Thread 0x000002062a8ab190 1969   !   3       org.eclipse.osgi.container.ModuleDatabase::getWiring (31 bytes)
Event: 11.395 Thread 0x000002062a8ab190 nmethod 1969 0x000002062deda510 code [0x000002062deda780, 0x000002062dedb0f0]
Event: 11.395 Thread 0x000002062a8851d0 1963       4       java.io.DataInputStream::readFully (59 bytes)
Event: 11.403 Thread 0x000002062a8393a0 nmethod 1962 0x00000206356ed010 code [0x00000206356ed2c0, 0x00000206356ee278]
Event: 11.404 Thread 0x000002062a8393a0 1965 %     4       java.io.DataInputStream::readUTF @ 92 (501 bytes)

GC Heap History (4 events):
Event: 4.964 GC heap before
{Heap before GC invocations=1 (full 0):
 PSYoungGen      total 29696K, used 25600K [0x00000000d5580000, 0x00000000d7680000, 0x0000000100000000)
  eden space 25600K, 100% used [0x00000000d5580000,0x00000000d6e80000,0x00000000d6e80000)
  from space 4096K, 0% used [0x00000000d7280000,0x00000000d7280000,0x00000000d7680000)
  to   space 4096K, 0% used [0x00000000d6e80000,0x00000000d6e80000,0x00000000d7280000)
 ParOldGen       total 68608K, used 0K [0x0000000080000000, 0x0000000084300000, 0x00000000d5580000)
  object space 68608K, 0% used [0x0000000080000000,0x0000000080000000,0x0000000084300000)
 Metaspace       used 4365K, committed 4608K, reserved 1114112K
  class space    used 474K, committed 576K, reserved 1048576K
}
Event: 5.053 GC heap after
{Heap after GC invocations=1 (full 0):
 PSYoungGen      total 29696K, used 3303K [0x00000000d5580000, 0x00000000d7680000, 0x0000000100000000)
  eden space 25600K, 0% used [0x00000000d5580000,0x00000000d5580000,0x00000000d6e80000)
  from space 4096K, 80% used [0x00000000d6e80000,0x00000000d71b9e98,0x00000000d7280000)
  to   space 4096K, 0% used [0x00000000d7280000,0x00000000d7280000,0x00000000d7680000)
 ParOldGen       total 68608K, used 0K [0x0000000080000000, 0x0000000084300000, 0x00000000d5580000)
  object space 68608K, 0% used [0x0000000080000000,0x0000000080000000,0x0000000084300000)
 Metaspace       used 4365K, committed 4608K, reserved 1114112K
  class space    used 474K, committed 576K, reserved 1048576K
}
Event: 10.245 GC heap before
{Heap before GC invocations=2 (full 0):
 PSYoungGen      total 29696K, used 28903K [0x00000000d5580000, 0x00000000d7680000, 0x0000000100000000)
  eden space 25600K, 100% used [0x00000000d5580000,0x00000000d6e80000,0x00000000d6e80000)
  from space 4096K, 80% used [0x00000000d6e80000,0x00000000d71b9e98,0x00000000d7280000)
  to   space 4096K, 0% used [0x00000000d7280000,0x00000000d7280000,0x00000000d7680000)
 ParOldGen       total 68608K, used 0K [0x0000000080000000, 0x0000000084300000, 0x00000000d5580000)
  object space 68608K, 0% used [0x0000000080000000,0x0000000080000000,0x0000000084300000)
 Metaspace       used 8136K, committed 8448K, reserved 1114112K
  class space    used 860K, committed 960K, reserved 1048576K
}
Event: 10.254 GC heap after
{Heap after GC invocations=2 (full 0):
 PSYoungGen      total 29696K, used 4070K [0x00000000d5580000, 0x00000000d7680000, 0x0000000100000000)
  eden space 25600K, 0% used [0x00000000d5580000,0x00000000d5580000,0x00000000d6e80000)
  from space 4096K, 99% used [0x00000000d7280000,0x00000000d7679820,0x00000000d7680000)
  to   space 4096K, 0% used [0x00000000d6e80000,0x00000000d6e80000,0x00000000d7280000)
 ParOldGen       total 68608K, used 1141K [0x0000000080000000, 0x0000000084300000, 0x00000000d5580000)
  object space 68608K, 1% used [0x0000000080000000,0x000000008011d6a8,0x0000000084300000)
 Metaspace       used 8136K, committed 8448K, reserved 1114112K
  class space    used 860K, committed 960K, reserved 1048576K
}

Dll operation events (9 events):
Event: 0.026 Loaded shared library c:\Users\user\.vscode\extensions\redhat.java-1.53.0-win32-x64\jre\21.0.10-win32-x86_64\bin\java.dll
Event: 0.515 Loaded shared library c:\Users\user\.vscode\extensions\redhat.java-1.53.0-win32-x64\jre\21.0.10-win32-x86_64\bin\zip.dll
Event: 0.617 Loaded shared library C:\Users\user\.vscode\extensions\redhat.java-1.53.0-win32-x64\jre\21.0.10-win32-x86_64\bin\instrument.dll
Event: 0.690 Loaded shared library C:\Users\user\.vscode\extensions\redhat.java-1.53.0-win32-x64\jre\21.0.10-win32-x86_64\bin\net.dll
Event: 0.696 Loaded shared library C:\Users\user\.vscode\extensions\redhat.java-1.53.0-win32-x64\jre\21.0.10-win32-x86_64\bin\nio.dll
Event: 0.709 Loaded shared library C:\Users\user\.vscode\extensions\redhat.java-1.53.0-win32-x64\jre\21.0.10-win32-x86_64\bin\zip.dll
Event: 0.808 Loaded shared library C:\Users\user\.vscode\extensions\redhat.java-1.53.0-win32-x64\jre\21.0.10-win32-x86_64\bin\jimage.dll
Event: 1.246 Loaded shared library c:\Users\user\.vscode\extensions\redhat.java-1.53.0-win32-x64\jre\21.0.10-win32-x86_64\bin\verify.dll
Event: 10.139 Loaded shared library C:\Users\user\AppData\Roaming\Code\User\globalStorage\redhat.java\1.53.0\config_ss_win\org.eclipse.equinox.launcher\org.eclipse.equinox.launcher.win32.win32.x86_64_1.3.0.v20260203-2149\eclipse_11919.dll

Deoptimization events (20 events):
Event: 10.238 Thread 0x00000206877ea580 Uncommon trap: trap_request=0xffffff6e fr.pc=0x00000206356953e8 relative=0x00000000000003a8
Event: 10.238 Thread 0x00000206877ea580 Uncommon trap: reason=loop_limit_check action=maybe_recompile pc=0x00000206356953e8 method=java.lang.StringLatin1.indexOf([BI[BII)I @ 37 c2
Event: 10.238 Thread 0x00000206877ea580 DEOPT PACKING pc=0x00000206356953e8 sp=0x0000007b715f8c70
Event: 10.238 Thread 0x00000206877ea580 DEOPT UNPACKING pc=0x00000206350d3aa2 sp=0x0000007b715f8bd0 mode 2
Event: 10.243 Thread 0x000002062a944c60 Uncommon trap: trap_request=0xffffff45 fr.pc=0x000002063569d4e0 relative=0x0000000000000040
Event: 10.243 Thread 0x000002062a944c60 Uncommon trap: reason=unstable_if action=reinterpret pc=0x000002063569d4e0 method=java.util.concurrent.locks.AbstractQueuedSynchronizer.signalNext(Ljava/util/concurrent/locks/AbstractQueuedSynchronizer$Node;)V @ 1 c2
Event: 10.243 Thread 0x000002062a944c60 DEOPT PACKING pc=0x000002063569d4e0 sp=0x0000007b702fea20
Event: 10.243 Thread 0x000002062a944c60 DEOPT UNPACKING pc=0x00000206350d3aa2 sp=0x0000007b702fe9b8 mode 2
Event: 11.113 Thread 0x00000206877ea580 Uncommon trap: trap_request=0xffffff45 fr.pc=0x00000206356cf178 relative=0x0000000000000a18
Event: 11.113 Thread 0x00000206877ea580 Uncommon trap: reason=unstable_if action=reinterpret pc=0x00000206356cf178 method=java.util.concurrent.ConcurrentHashMap.putVal(Ljava/lang/Object;Ljava/lang/Object;Z)Ljava/lang/Object; @ 148 c2
Event: 11.113 Thread 0x00000206877ea580 DEOPT PACKING pc=0x00000206356cf178 sp=0x0000007b715f8ba0
Event: 11.113 Thread 0x00000206877ea580 DEOPT UNPACKING pc=0x00000206350d3aa2 sp=0x0000007b715f8b10 mode 2
Event: 11.127 Thread 0x00000206877ea580 Uncommon trap: trap_request=0xffffff45 fr.pc=0x00000206356de2ec relative=0x00000000000014ec
Event: 11.127 Thread 0x00000206877ea580 Uncommon trap: reason=unstable_if action=reinterpret pc=0x00000206356de2ec method=java.io.WinNTFileSystem.normalize(Ljava/lang/String;II)Ljava/lang/String; @ 100 c2
Event: 11.127 Thread 0x00000206877ea580 DEOPT PACKING pc=0x00000206356de2ec sp=0x0000007b715f8ff0
Event: 11.127 Thread 0x00000206877ea580 DEOPT UNPACKING pc=0x00000206350d3aa2 sp=0x0000007b715f8f30 mode 2
Event: 11.327 Thread 0x00000206877ea580 Uncommon trap: trap_request=0xffffff45 fr.pc=0x000002063569deb4 relative=0x0000000000000094
Event: 11.327 Thread 0x00000206877ea580 Uncommon trap: reason=unstable_if action=reinterpret pc=0x000002063569deb4 method=java.io.BufferedInputStream.getBufIfOpen(Z)[B @ 13 c2
Event: 11.327 Thread 0x00000206877ea580 DEOPT PACKING pc=0x000002063569deb4 sp=0x0000007b715f88d0
Event: 11.327 Thread 0x00000206877ea580 DEOPT UNPACKING pc=0x00000206350d3aa2 sp=0x0000007b715f8850 mode 2

Classes loaded (20 events):
Event: 11.321 Loading class java/lang/CloneNotSupportedException
Event: 11.322 Loading class java/lang/CloneNotSupportedException done
Event: 11.342 Loading class java/util/stream/ReferencePipeline$5
Event: 11.342 Loading class java/util/stream/LongPipeline$StatelessOp
Event: 11.342 Loading class java/util/stream/LongPipeline
Event: 11.342 Loading class java/util/stream/LongStream
Event: 11.343 Loading class java/util/stream/LongStream done
Event: 11.343 Loading class java/util/stream/LongPipeline done
Event: 11.343 Loading class java/util/stream/LongPipeline$StatelessOp done
Event: 11.343 Loading class java/util/stream/ReferencePipeline$5 done
Event: 11.343 Loading class java/util/function/LongBinaryOperator
Event: 11.343 Loading class java/util/function/LongBinaryOperator done
Event: 11.344 Loading class java/util/stream/ReduceOps$10
Event: 11.345 Loading class java/util/stream/ReduceOps$10 done
Event: 11.345 Loading class java/util/stream/ReduceOps$8ReducingSink
Event: 11.345 Loading class java/util/stream/Sink$OfLong
Event: 11.345 Loading class java/util/stream/Sink$OfLong done
Event: 11.345 Loading class java/util/stream/ReduceOps$8ReducingSink done
Event: 11.345 Loading class java/util/stream/ReferencePipeline$5$1
Event: 11.345 Loading class java/util/stream/ReferencePipeline$5$1 done

Classes unloaded (0 events):
No events

Classes redefined (0 events):
No events

Internal exceptions (20 events):
Event: 4.857 Thread 0x000002062a944c60 Exception <a 'java/lang/ClassNotFoundException'{0x00000000d6e75a48}: sun/net/www/protocol/c/Handler> (0x00000000d6e75a48) 
thrown [s\src\hotspot\share\classfile\systemDictionary.cpp, line 312]
Event: 5.064 Thread 0x000002062a944c60 Exception <a 'java/io/FileNotFoundException'{0x00000000d559e360}> (0x00000000d559e360) 
thrown [s\src\hotspot\share\prims\jni.cpp, line 520]
Event: 5.342 Thread 0x000002062a944c60 Implicit null exception at 0x000002063567e0a9 to 0x000002063567e970
Event: 5.342 Thread 0x000002062a944c60 Implicit null exception at 0x0000020635685c1a to 0x0000020635685e38
Event: 5.343 Thread 0x000002062a944c60 Exception <a 'java/lang/NoSuchMethodError'{0x00000000d56cd870}: 'void java.lang.invoke.DirectMethodHandle$Holder.invokeStatic(java.lang.Object, java.lang.Object, java.lang.Object, java.lang.Object)'> (0x00000000d56cd870) 
thrown [s\src\hotspot\share\interpreter\linkResolver.cpp, line 773]
Event: 5.347 Thread 0x000002062a944c60 Implicit null exception at 0x000002063568309a to 0x00000206356832bc
Event: 5.347 Thread 0x000002062a944c60 Implicit null exception at 0x0000020635680cc0 to 0x0000020635680d45
Event: 5.763 Thread 0x000002062a944c60 Exception <a 'java/lang/NoSuchMethodError'{0x00000000d598f290}: 'void java.lang.invoke.DirectMethodHandle$Holder.invokeSpecial(java.lang.Object, java.lang.Object, java.lang.Object)'> (0x00000000d598f290) 
thrown [s\src\hotspot\share\interpreter\linkResolver.cpp, line 773]
Event: 7.514 Thread 0x000002062a944c60 Exception <a 'java/lang/NoSuchMethodError'{0x00000000d62bb9b8}: 'int java.lang.invoke.DirectMethodHandle$Holder.invokeVirtual(java.lang.Object, java.lang.Object)'> (0x00000000d62bb9b8) 
thrown [s\src\hotspot\share\interpreter\linkResolver.cpp, line 773]
Event: 7.925 Thread 0x000002062a944c60 Exception <a 'java/lang/NoSuchMethodError'{0x00000000d6440b60}: 'int java.lang.invoke.DirectMethodHandle$Holder.invokeStaticInit(java.lang.Object, java.lang.Object, java.lang.Object, java.lang.Object)'> (0x00000000d6440b60) 
thrown [s\src\hotspot\share\interpreter\linkResolver.cpp, line 773]
Event: 7.927 Thread 0x000002062a944c60 Exception <a 'java/lang/IncompatibleClassChangeError'{0x00000000d6448f68}: Found class java.lang.Object, but interface was expected> (0x00000000d6448f68) 
thrown [s\src\hotspot\share\interpreter\linkResolver.cpp, line 840]
Event: 7.928 Thread 0x000002062a944c60 Exception <a 'java/lang/NoSuchMethodError'{0x00000000d644fe38}: 'void java.lang.invoke.DirectMethodHandle$Holder.invokeStaticInit(java.lang.Object, java.lang.Object)'> (0x00000000d644fe38) 
thrown [s\src\hotspot\share\interpreter\linkResolver.cpp, line 773]
Event: 7.929 Thread 0x000002062a944c60 Exception <a 'java/lang/NoSuchMethodError'{0x00000000d6459910}: 'int java.lang.invoke.DirectMethodHandle$Holder.invokeStaticInit(java.lang.Object, java.lang.Object)'> (0x00000000d6459910) 
thrown [s\src\hotspot\share\interpreter\linkResolver.cpp, line 773]
Event: 8.625 Thread 0x000002062a944c60 Exception <a 'java/lang/NoSuchMethodError'{0x00000000d66a75d0}: 'java.lang.Object java.lang.invoke.DirectMethodHandle$Holder.newInvokeSpecial(java.lang.Object, int, java.lang.Object)'> (0x00000000d66a75d0) 
thrown [s\src\hotspot\share\interpreter\linkResolver.cpp, line 773]
Event: 9.191 Thread 0x000002062a944c60 Exception <a 'java/lang/ClassNotFoundException'{0x00000000d68c09a8}: sun/net/www/protocol/plurl/Handler> (0x00000000d68c09a8) 
thrown [s\src\hotspot\share\classfile\systemDictionary.cpp, line 312]
Event: 9.191 Thread 0x000002062a944c60 Exception <a 'java/lang/ClassNotFoundException'{0x00000000d68c1828}: sun/net/www/protocol/plurl/Handler> (0x00000000d68c1828) 
thrown [s\src\hotspot\share\classfile\systemDictionary.cpp, line 312]
Event: 10.129 Thread 0x000002062a944c60 Exception <a 'java/lang/UnsatisfiedLinkError'{0x00000000d6d0ccb8}: 'void org.eclipse.equinox.launcher.JNIBridge._update_splash()'> (0x00000000d6d0ccb8) 
thrown [s\src\hotspot\share\prims\nativeLookup.cpp, line 415]
Event: 10.590 Thread 0x00000206877ea580 Exception <a 'java/lang/NullPointerException'{0x00000000d5863240}> (0x00000000d5863240) 
thrown [s\src\hotspot\share\interpreter\linkResolver.cpp, line 1372]
Event: 10.590 Thread 0x00000206877ea580 Exception <a 'java/lang/NullPointerException'{0x00000000d5863520}> (0x00000000d5863520) 
thrown [s\src\hotspot\share\interpreter\linkResolver.cpp, line 1372]
Event: 11.340 Thread 0x00000206877ea580 Exception <a 'java/lang/NoSuchMethodError'{0x00000000d615bc18}: 'long java.lang.invoke.DirectMethodHandle$Holder.invokeSpecial(java.lang.Object, java.lang.Object)'> (0x00000000d615bc18) 
thrown [s\src\hotspot\share\interpreter\linkResolver.cpp, line 773]

ZGC Phase Switch (0 events):
No events

VM Operations (20 events):
Event: 7.072 Executing safepoint VM operation: Cleanup
Event: 7.088 Executing safepoint VM operation: Cleanup done
Event: 8.094 Executing safepoint VM operation: Cleanup
Event: 8.155 Executing safepoint VM operation: Cleanup done
Event: 8.195 Executing non-safepoint VM operation: HandshakeAllThreads (Deoptimize)
Event: 8.306 Executing non-safepoint VM operation: HandshakeAllThreads (Deoptimize) done
Event: 8.329 Executing non-safepoint VM operation: HandshakeAllThreads (Deoptimize)
Event: 8.329 Executing non-safepoint VM operation: HandshakeAllThreads (Deoptimize) done
Event: 9.141 Executing non-safepoint VM operation: HandshakeAllThreads (Deoptimize)
Event: 9.141 Executing non-safepoint VM operation: HandshakeAllThreads (Deoptimize) done
Event: 9.181 Executing non-safepoint VM operation: HandshakeAllThreads (Deoptimize)
Event: 9.181 Executing non-safepoint VM operation: HandshakeAllThreads (Deoptimize) done
Event: 9.181 Executing safepoint VM operation: Cleanup
Event: 9.181 Executing safepoint VM operation: Cleanup done
Event: 10.193 Executing safepoint VM operation: Cleanup
Event: 10.209 Executing safepoint VM operation: Cleanup done
Event: 10.245 Executing safepoint VM operation: ParallelGCFailedAllocation (Allocation Failure)
Event: 10.254 Executing safepoint VM operation: ParallelGCFailedAllocation (Allocation Failure) done
Event: 11.008 Executing non-safepoint VM operation: HandshakeAllThreads (Deoptimize)
Event: 11.008 Executing non-safepoint VM operation: HandshakeAllThreads (Deoptimize) done

Memory protections (0 events):
No events

Nmethod flushes (0 events):
No events

Events (20 events):
Event: 1.147 Thread 0x000002062a8393a0 Thread added: 0x000002068726e540
Event: 1.546 Thread 0x000002068726e540 Thread exited: 0x000002068726e540
Event: 2.098 Thread 0x000002062a944c60 Thread added: 0x000002068728bac0
Event: 2.109 Thread 0x000002062a8ab190 Thread added: 0x000002068728ddf0
Event: 2.289 Thread 0x000002068728ddf0 Thread exited: 0x000002068728ddf0
Event: 2.707 Thread 0x000002062a8ab190 Thread added: 0x00000206873a7180
Event: 2.834 Thread 0x00000206873a7180 Thread exited: 0x00000206873a7180
Event: 3.054 Thread 0x000002062a8ab190 Thread added: 0x000002068747a5f0
Event: 3.178 Thread 0x000002068747a5f0 Thread exited: 0x000002068747a5f0
Event: 3.243 Thread 0x000002062a8ab190 Thread added: 0x00000206873a8a60
Event: 3.559 Thread 0x00000206873a8a60 Thread exited: 0x00000206873a8a60
Event: 6.248 Thread 0x000002062a8ab190 Thread added: 0x000002068758c7d0
Event: 6.730 Thread 0x000002068758c7d0 Thread exited: 0x000002068758c7d0
Event: 7.096 Thread 0x000002062a8ab190 Thread added: 0x000002068758c7d0
Event: 7.281 Thread 0x000002068758c7d0 Thread exited: 0x000002068758c7d0
Event: 8.167 Thread 0x000002062a944c60 Thread added: 0x0000020687769280
Event: 10.117 Thread 0x000002062a944c60 Thread added: 0x00000206877e9c40
Event: 10.127 Thread 0x000002062a944c60 Thread added: 0x00000206877ea580
Event: 10.903 Thread 0x00000206877ea580 Thread added: 0x000002062a899b00
Event: 11.395 Thread 0x000002062a8ab190 Thread added: 0x000002062a8851d0


Dynamic libraries:
0x00007ff614770000 - 0x00007ff61477e000 	c:\Users\user\.vscode\extensions\redhat.java-1.53.0-win32-x64\jre\21.0.10-win32-x86_64\bin\java.exe
0x00007ff9ce490000 - 0x00007ff9ce688000 	C:\WINDOWS\SYSTEM32\ntdll.dll
0x00007ff9c0e00000 - 0x00007ff9c0e20000 	C:\Program Files\Avast Software\Avast\aswhook.dll
0x00007ff9cc680000 - 0x00007ff9cc73d000 	C:\WINDOWS\System32\KERNEL32.DLL
0x00007ff9cbbb0000 - 0x00007ff9cbe7e000 	C:\WINDOWS\System32\KERNELBASE.dll
0x00007ff9cc060000 - 0x00007ff9cc160000 	C:\WINDOWS\System32\ucrtbase.dll
0x00007ff9b4d30000 - 0x00007ff9b4d48000 	c:\Users\user\.vscode\extensions\redhat.java-1.53.0-win32-x64\jre\21.0.10-win32-x86_64\bin\jli.dll
0x00007ff9ad750000 - 0x00007ff9ad76e000 	c:\Users\user\.vscode\extensions\redhat.java-1.53.0-win32-x64\jre\21.0.10-win32-x86_64\bin\VCRUNTIME140.dll
0x00007ff9ccc20000 - 0x00007ff9ccdc0000 	C:\WINDOWS\System32\USER32.dll
0x00007ff9cc160000 - 0x00007ff9cc182000 	C:\WINDOWS\System32\win32u.dll
0x00007ff9cc750000 - 0x00007ff9cc77a000 	C:\WINDOWS\System32\GDI32.dll
0x00007ff9cbe80000 - 0x00007ff9cbf8b000 	C:\WINDOWS\System32\gdi32full.dll
0x00007ff9cbfc0000 - 0x00007ff9cc05d000 	C:\WINDOWS\System32\msvcp_win.dll
0x00007ff9a96f0000 - 0x00007ff9a998a000 	C:\WINDOWS\WinSxS\amd64_microsoft.windows.common-controls_6595b64144ccf1df_6.0.19041.1110_none_60b5254171f9507e\COMCTL32.dll
0x00007ff9cc780000 - 0x00007ff9cc81e000 	C:\WINDOWS\System32\msvcrt.dll
0x00007ff9ce1b0000 - 0x00007ff9ce1e0000 	C:\WINDOWS\System32\IMM32.DLL
0x00007ff9b4d20000 - 0x00007ff9b4d2c000 	c:\Users\user\.vscode\extensions\redhat.java-1.53.0-win32-x64\jre\21.0.10-win32-x86_64\bin\vcruntime140_1.dll
0x00007ff936170000 - 0x00007ff9361fd000 	c:\Users\user\.vscode\extensions\redhat.java-1.53.0-win32-x64\jre\21.0.10-win32-x86_64\bin\msvcp140.dll
0x00007ff932930000 - 0x00007ff9336d1000 	c:\Users\user\.vscode\extensions\redhat.java-1.53.0-win32-x64\jre\21.0.10-win32-x86_64\bin\server\jvm.dll
0x00007ff9cc5d0000 - 0x00007ff9cc67e000 	C:\WINDOWS\System32\ADVAPI32.dll
0x00007ff9cc990000 - 0x00007ff9cca2c000 	C:\WINDOWS\System32\sechost.dll
0x00007ff9ce080000 - 0x00007ff9ce1a5000 	C:\WINDOWS\System32\RPCRT4.dll
0x00007ff9cdf60000 - 0x00007ff9cdfcb000 	C:\WINDOWS\System32\WS2_32.dll
0x00007ff9cba20000 - 0x00007ff9cba6b000 	C:\WINDOWS\SYSTEM32\POWRPROF.dll
0x00007ff9b7160000 - 0x00007ff9b7187000 	C:\WINDOWS\SYSTEM32\WINMM.dll
0x00007ff9c0b10000 - 0x00007ff9c0b1a000 	C:\WINDOWS\SYSTEM32\VERSION.dll
0x00007ff9cb950000 - 0x00007ff9cb962000 	C:\WINDOWS\SYSTEM32\UMPDC.dll
0x00007ff9ca400000 - 0x00007ff9ca412000 	C:\WINDOWS\SYSTEM32\kernel.appcore.dll
0x00007ff9ad740000 - 0x00007ff9ad74a000 	c:\Users\user\.vscode\extensions\redhat.java-1.53.0-win32-x64\jre\21.0.10-win32-x86_64\bin\jimage.dll
0x00007ff9c5ae0000 - 0x00007ff9c5cc4000 	C:\WINDOWS\SYSTEM32\DBGHELP.DLL
0x00007ff9b9610000 - 0x00007ff9b963c000 	C:\WINDOWS\SYSTEM32\dbgcore.DLL
0x00007ff9cc2b0000 - 0x00007ff9cc332000 	C:\WINDOWS\System32\bcryptPrimitives.dll
0x00007ff9b6330000 - 0x00007ff9b633f000 	c:\Users\user\.vscode\extensions\redhat.java-1.53.0-win32-x64\jre\21.0.10-win32-x86_64\bin\instrument.dll
0x00007ff9ad720000 - 0x00007ff9ad740000 	c:\Users\user\.vscode\extensions\redhat.java-1.53.0-win32-x64\jre\21.0.10-win32-x86_64\bin\java.dll
0x00007ff9cd040000 - 0x00007ff9cd784000 	C:\WINDOWS\System32\SHELL32.dll
0x00007ff9c96c0000 - 0x00007ff9c9e54000 	C:\WINDOWS\SYSTEM32\windows.storage.dll
0x00007ff9cdc00000 - 0x00007ff9cdf54000 	C:\WINDOWS\System32\combase.dll
0x00007ff9cb460000 - 0x00007ff9cb490000 	C:\WINDOWS\SYSTEM32\Wldp.dll
0x00007ff9ccf00000 - 0x00007ff9ccfad000 	C:\WINDOWS\System32\SHCORE.dll
0x00007ff9ce3f0000 - 0x00007ff9ce445000 	C:\WINDOWS\System32\shlwapi.dll
0x00007ff9cbaf0000 - 0x00007ff9cbb0f000 	C:\WINDOWS\SYSTEM32\profapi.dll
0x00007ff9ad700000 - 0x00007ff9ad718000 	c:\Users\user\.vscode\extensions\redhat.java-1.53.0-win32-x64\jre\21.0.10-win32-x86_64\bin\zip.dll
0x00007ff9ad600000 - 0x00007ff9ad610000 	C:\Users\user\.vscode\extensions\redhat.java-1.53.0-win32-x64\jre\21.0.10-win32-x86_64\bin\net.dll
0x00007ff9b8eb0000 - 0x00007ff9b8fba000 	C:\WINDOWS\SYSTEM32\WINHTTP.dll
0x00007ff9cb240000 - 0x00007ff9cb2aa000 	C:\WINDOWS\system32\mswsock.dll
0x00007ff9ad5e0000 - 0x00007ff9ad5f6000 	C:\Users\user\.vscode\extensions\redhat.java-1.53.0-win32-x64\jre\21.0.10-win32-x86_64\bin\nio.dll
0x00007ff9b61d0000 - 0x00007ff9b61e0000 	c:\Users\user\.vscode\extensions\redhat.java-1.53.0-win32-x64\jre\21.0.10-win32-x86_64\bin\verify.dll
0x00007ff975d80000 - 0x00007ff975dc5000 	C:\Users\user\AppData\Roaming\Code\User\globalStorage\redhat.java\1.53.0\config_ss_win\org.eclipse.equinox.launcher\org.eclipse.equinox.launcher.win32.win32.x86_64_1.3.0.v20260203-2149\eclipse_11919.dll
0x00007ff9cca90000 - 0x00007ff9ccbba000 	C:\WINDOWS\System32\ole32.dll

JVMTI agents:
c:\Users\user\.vscode\extensions\redhat.java-1.53.0-win32-x64\lombok\lombok-1.18.39-4050.jar path:c:\Users\user\.vscode\extensions\redhat.java-1.53.0-win32-x64\jre\21.0.10-win32-x86_64\bin\instrument.dll, loaded, initialized, instrumentlib options:none

dbghelp: loaded successfully - version: 4.0.5 - missing functions: none
symbol engine: initialized successfully - sym options: 0x614 - pdb path: .;c:\Users\user\.vscode\extensions\redhat.java-1.53.0-win32-x64\jre\21.0.10-win32-x86_64\bin;C:\WINDOWS\SYSTEM32;C:\Program Files\Avast Software\Avast;C:\WINDOWS\WinSxS\amd64_microsoft.windows.common-controls_6595b64144ccf1df_6.0.19041.1110_none_60b5254171f9507e;c:\Users\user\.vscode\extensions\redhat.java-1.53.0-win32-x64\jre\21.0.10-win32-x86_64\bin\server;C:\Users\user\AppData\Roaming\Code\User\globalStorage\redhat.java\1.53.0\config_ss_win\org.eclipse.equinox.launcher\org.eclipse.equinox.launcher.win32.win32.x86_64_1.3.0.v20260203-2149

VM Arguments:
jvm_args: --add-modules=ALL-SYSTEM --add-opens=java.base/java.util=ALL-UNNAMED --add-opens=java.base/java.lang=ALL-UNNAMED --add-opens=java.base/sun.nio.fs=ALL-UNNAMED -Declipse.application=org.eclipse.jdt.ls.core.id1 -Dosgi.bundles.defaultStartLevel=4 -Declipse.product=org.eclipse.jdt.ls.core.product -Djava.import.generatesMetadataFilesAtProjectRoot=false -DDetectVMInstallationsJob.disabled=true -Dfile.encoding=utf8 -XX:+UseParallelGC -XX:GCTimeRatio=4 -XX:AdaptiveSizePolicyWeight=90 -Dsun.zip.disableMemoryMapping=true -Xmx2G -Xms100m -Xlog:disable -javaagent:c:\Users\user\.vscode\extensions\redhat.java-1.53.0-win32-x64\lombok\lombok-1.18.39-4050.jar 
java_command: c:\Users\user\.vscode\extensions\redhat.java-1.53.0-win32-x64\server\plugins\org.eclipse.equinox.launcher_1.7.100.v20251111-0406.jar -configuration c:\Users\user\AppData\Roaming\Code\User\globalStorage\redhat.java\1.53.0\config_ss_win -data c:\Users\user\AppData\Roaming\Code\User\workspaceStorage\1497b81ebb6a540a594010e5a6647125\redhat.java\ss_ws --pipe=\\.\pipe\lsp-d84c45a9569897a32a6371356ae34b73-sock
java_class_path (initial): c:\Users\user\.vscode\extensions\redhat.java-1.53.0-win32-x64\server\plugins\org.eclipse.equinox.launcher_1.7.100.v20251111-0406.jar
Launcher Type: SUN_STANDARD

[Global flags]
    uintx AdaptiveSizePolicyWeight                 = 90                                        {product} {command line}
     intx CICompilerCount                          = 3                                         {product} {ergonomic}
    uintx GCTimeRatio                              = 4                                         {product} {command line}
   size_t InitialHeapSize                          = 104857600                                 {product} {command line}
   size_t MaxHeapSize                              = 2147483648                                {product} {command line}
   size_t MaxNewSize                               = 715653120                                 {product} {ergonomic}
   size_t MinHeapDeltaBytes                        = 524288                                    {product} {ergonomic}
   size_t MinHeapSize                              = 104857600                                 {product} {command line}
   size_t NewSize                                  = 34603008                                  {product} {ergonomic}
    uintx NonNMethodCodeHeapSize                   = 5832780                                {pd product} {ergonomic}
    uintx NonProfiledCodeHeapSize                  = 122912730                              {pd product} {ergonomic}
   size_t OldSize                                  = 70254592                                  {product} {ergonomic}
    uintx ProfiledCodeHeapSize                     = 122912730                              {pd product} {ergonomic}
    uintx ReservedCodeCacheSize                    = 251658240                              {pd product} {ergonomic}
     bool SegmentedCodeCache                       = true                                      {product} {ergonomic}
   size_t SoftMaxHeapSize                          = 2147483648                             {manageable} {ergonomic}
     bool UseCompressedOops                        = true                           {product lp64_product} {ergonomic}
     bool UseLargePagesIndividualAllocation        = false                                  {pd product} {ergonomic}
     bool UseParallelGC                            = true                                      {product} {command line}

Logging:
Log output configuration:
 #0: stdout all=off uptime,level,tags foldmultilines=false
 #1: stderr all=off uptime,level,tags foldmultilines=false

Release file:
JAVA_VERSION="21.0.10" 
MODULES="java.base java.compiler java.datatransfer java.xml java.prefs java.desktop java.instrument java.logging java.management java.security.sasl java.naming java.rmi java.management.rmi java.net.http java.scripting java.security.jgss java.transaction.xa java.sql java.sql.rowset java.xml.crypto java.se java.smartcardio jdk.accessibility jdk.internal.jvmstat jdk.attach jdk.charsets jdk.internal.opt jdk.zipfs jdk.compiler jdk.crypto.ec jdk.crypto.cryptoki jdk.crypto.mscapi jdk.dynalink jdk.internal.ed jdk.editpad jdk.hotspot.agent jdk.httpserver jdk.internal.le jdk.internal.vm.ci jdk.internal.vm.compiler jdk.internal.vm.compiler.management jdk.jartool jdk.javadoc jdk.jcmd jdk.management jdk.management.agent jdk.jconsole jdk.jdeps jdk.jdwp.agent jdk.jdi jdk.jfr jdk.jshell jdk.jsobject jdk.jstatd jdk.localedata jdk.management.jfr jdk.naming.dns jdk.naming.rmi jdk.net jdk.nio.mapmode jdk.random jdk.sctp jdk.security.auth jdk.security.jgss jdk.unsupported jdk.unsupported.desktop jdk.xml.dom" 

Environment Variables:
PATH=C:\Users\user\AppData\Local\Programs\Microsoft VS Code;C:\Program Files\Eclipse Adoptium\jdk-25.0.1.8-hotspot\bin;C:\Program Files (x86)\Common Files\Intel\Shared Libraries\redist\intel64\compiler;C:\Program Files\Common Files\Oracle\Java\javapath;C:\Program Files (x86)\Common Files\Oracle\Java\javapath;C:\ProgramData\Oracle\Java\javapath;C:\WINDOWS\system32;C:\WINDOWS;C:\WINDOWS\System32\Wbem;C:\WINDOWS\System32\WindowsPowerShell\v1.0\;C:\WINDOWS\System32\OpenSSH\;C:\Program Files\dotnet\;E:\MathWorks MATLAB R2024a x64 Win\Crack\runtime\win64;E:\MathWorks MATLAB R2024a x64 Win\Crack\bin;C:\Program Files\Polyspace\R2020a\runtime\win64;C:\Program Files\Polyspace\R2020a\bin;C:\Program Files\Git\cmd;E:\;E:\atmely\bin;E:\ass\VSrules\;C:\ProgramData\chocolatey\bin;E:\v97\runtime\win64;C:\Users\user\AppData\Local\Programs\Python\Python312\Scripts;C:\Users\user\AppData\Roaming\Python\Python312\Scripts;C:\Program Files (x86)\Windows Kits\10\Windows Performance Toolkit\;C:\Program Files\nodejs\;C:\Program Files\Tailscale\;C:\Program Files\MySQL\MySQL Shell 8.0\bin\;C:\Users\user\.console-ninja\.bin;C:\Users\user\AppData\Local\Programs\Python\Python312\Scripts\;C:\Users\user\AppData\Local\Programs\Python\Python312\;C:\Users\user\AppData\Local\Microsoft\WindowsApps;C:\Program Files\JetBrains\PyCharm Community Edition 2022.1.3\bin;C:\Users\user\AppData\Local\Programs\Microsoft VS Code\bin;C:\Users\user\.dotnet\tools;C:\Users\user\AppData\Local\GitHubDesktop\bin;C:\Program Files\Tesseract-OCR;E:\mosquitto;C:\Users\user\AppData\Roaming\npm;C:\Users\user\AppData\Local\Programs\MiKTeX\miktex\bin\x64\
USERNAME=user
OS=Windows_NT
PROCESSOR_IDENTIFIER=Intel64 Family 6 Model 78 Stepping 3, GenuineIntel
TMP=E:\Temp
TEMP=E:\Temp




Periodic native trim disabled

---------------  S Y S T E M  ---------------

OS:
 Windows 10 , 64 bit Build 19041 (10.0.19041.1806)
OS uptime: 0 days 18:27 hours
Hyper-V role detected

CPU: total 4 (initial active 4) (2 cores per cpu, 2 threads per core) family 6 model 78 stepping 3 microcode 0xf0, cx8, cmov, fxsr, ht, mmx, 3dnowpref, sse, sse2, sse3, ssse3, sse4.1, sse4.2, popcnt, lzcnt, tsc, tscinvbit, avx, avx2, aes, erms, clmul, bmi1, bmi2, rtm, adx, fma, vzeroupper, clflush, clflushopt, hv, rdtscp, f16c
Processor Information for the first 4 processors :
  Max Mhz: 2496, Current Mhz: 2396, Mhz Limit: 2396

Memory: 4k page, system-wide physical 8067M (520M free)
TotalPageFile size 23671M (AvailPageFile size 0M)
current process WorkingSet (physical memory assigned to process): 95M, peak: 95M
current process commit charge ("private bytes"): 230M, peak: 230M

vm_info: OpenJDK 64-Bit Server VM (21.0.10+7-LTS) for windows-amd64 JRE (21.0.10+7-LTS), built on 2026-01-20T00:00:00Z by "admin" with MS VC++ 17.12 (VS2022)

END.
