#
# There is insufficient memory for the Java Runtime Environment to continue.
# Native memory allocation (malloc) failed to allocate 356064 bytes. Error detail: Chunk::new
# Possible reasons:
#   The system is out of physical RAM or swap space
#   This process is running with CompressedOops enabled, and the Java Heap may be blocking the growth of the native heap
# Possible solutions:
#   Reduce memory load on the system
#   Increase physical memory or swap space
#   Check if swap backing store is full
#   Decrease Java heap size (-Xmx/-Xms)
#   Decrease number of Java threads
#   Decrease Java thread stack sizes (-Xss)
#   Set larger code cache with -XX:ReservedCodeCacheSize=
#   JVM is running with Unscaled Compressed Oops mode in which the Java heap is
#     placed in the first 4GB address space. The Java Heap base address is the
#     maximum limit for the native heap growth. Please use -XX:HeapBaseMinAddress
#     to set the Java Heap base and to place the Java Heap above 4GB virtual address.
# This output file may be truncated or incomplete.
#
#  Out of Memory Error (arena.cpp:168), pid=5832, tid=7716
#
# JRE version: OpenJDK Runtime Environment Temurin-21.0.10+7 (21.0.10+7) (build 21.0.10+7-LTS)
# Java VM: OpenJDK 64-Bit Server VM Temurin-21.0.10+7 (21.0.10+7-LTS, mixed mode, sharing, tiered, compressed oops, compressed class ptrs, parallel gc, windows-amd64)
# No core dump will be written. Minidumps are not enabled by default on client versions of Windows
#

---------------  S U M M A R Y ------------

Command Line: --add-modules=ALL-SYSTEM --add-opens=java.base/java.util=ALL-UNNAMED --add-opens=java.base/java.lang=ALL-UNNAMED --add-opens=java.base/sun.nio.fs=ALL-UNNAMED -Declipse.application=org.eclipse.jdt.ls.core.id1 -Dosgi.bundles.defaultStartLevel=4 -Declipse.product=org.eclipse.jdt.ls.core.product -Djava.import.generatesMetadataFilesAtProjectRoot=false -DDetectVMInstallationsJob.disabled=true -Dfile.encoding=utf8 -XX:+UseParallelGC -XX:GCTimeRatio=4 -XX:AdaptiveSizePolicyWeight=90 -Dsun.zip.disableMemoryMapping=true -Xmx2G -Xms100m -Xlog:disable -javaagent:c:\Users\user\.vscode\extensions\redhat.java-1.53.0-win32-x64\lombok\lombok-1.18.39-4050.jar -XX:+HeapDumpOnOutOfMemoryError -XX:HeapDumpPath=c:\Users\user\AppData\Roaming\Code\User\workspaceStorage\1497b81ebb6a540a594010e5a6647125\redhat.java -Daether.dependencyCollector.impl=bf c:\Users\user\.vscode\extensions\redhat.java-1.53.0-win32-x64\server\plugins\org.eclipse.equinox.launcher_1.7.100.v20251111-0406.jar -configuration c:\Users\user\AppData\Roaming\Code\User\globalStorage\redhat.java\1.53.0\config_win -data c:\Users\user\AppData\Roaming\Code\User\workspaceStorage\1497b81ebb6a540a594010e5a6647125\redhat.java\jdt_ws --pipe=\\.\pipe\lsp-d8cefab2767852db53611df5ad939e7b-sock

Host: Intel(R) Core(TM) i5-6300U CPU @ 2.40GHz, 4 cores, 7G,  Windows 10 , 64 bit Build 19041 (10.0.19041.1806)
Time: Mon Apr  6 17:19:04 2026 E. Africa Standard Time elapsed time: 3.637872 seconds (0d 0h 0m 3s)

---------------  T H R E A D  ---------------

Current thread (0x000001fe6791efc0):  JavaThread "C2 CompilerThread1" daemon [_thread_in_native, id=7716, stack(0x00000011df600000,0x00000011df700000) (1024K)]


Current CompileTask:
C2:3638  725       4       lombok.patcher.scripts.MethodLevelPatchScript::patch (21 bytes)

Stack: [0x00000011df600000,0x00000011df700000]
Native frames: (J=compiled Java code, j=interpreted, Vv=VM code, C=native code)
V  [jvm.dll+0x6d7a39]
V  [jvm.dll+0x8b4b26]
V  [jvm.dll+0x8b70de]
V  [jvm.dll+0x8b77c3]
V  [jvm.dll+0x284346]
V  [jvm.dll+0xc66ed]
V  [jvm.dll+0xc6c31]
V  [jvm.dll+0x3bec3b]
V  [jvm.dll+0x38b162]
V  [jvm.dll+0x38a5aa]
V  [jvm.dll+0x24c560]
V  [jvm.dll+0x24bb40]
V  [jvm.dll+0x1cb34e]
V  [jvm.dll+0x25b85d]
V  [jvm.dll+0x259dea]
V  [jvm.dll+0x3f857e]
V  [jvm.dll+0x85f59d]
V  [jvm.dll+0x6d626d]
C  [ucrtbase.dll+0x21bb2]
C  [KERNEL32.DLL+0x17034]
C  [ntdll.dll+0x52651]


---------------  P R O C E S S  ---------------

Threads class SMR info:
_java_thread_list=0x000001fe67852cf0, length=12, elements={
0x000001fe0efe0cd0, 0x000001fe0f0adf20, 0x000001fe0eecb900, 0x000001fe0eecd680,
0x000001fe0eece820, 0x000001fe0eed1a60, 0x000001fe0eed34d0, 0x000001fe0eed4310,
0x000001fe0ef444f0, 0x000001fe67776110, 0x000001fe6790bf80, 0x000001fe6791efc0
}

Java Threads: ( => current thread )
  0x000001fe0efe0cd0 JavaThread "main"                              [_thread_in_vm, id=20924, stack(0x00000011de800000,0x00000011de900000) (1024K)]
  0x000001fe0f0adf20 JavaThread "Reference Handler"          daemon [_thread_blocked, id=5000, stack(0x00000011dec00000,0x00000011ded00000) (1024K)]
  0x000001fe0eecb900 JavaThread "Finalizer"                  daemon [_thread_blocked, id=10996, stack(0x00000011ded00000,0x00000011dee00000) (1024K)]
  0x000001fe0eecd680 JavaThread "Signal Dispatcher"          daemon [_thread_blocked, id=23568, stack(0x00000011dee00000,0x00000011def00000) (1024K)]
  0x000001fe0eece820 JavaThread "Attach Listener"            daemon [_thread_blocked, id=13440, stack(0x00000011def00000,0x00000011df000000) (1024K)]
  0x000001fe0eed1a60 JavaThread "Service Thread"             daemon [_thread_blocked, id=27072, stack(0x00000011df000000,0x00000011df100000) (1024K)]
  0x000001fe0eed34d0 JavaThread "Monitor Deflation Thread"   daemon [_thread_blocked, id=26232, stack(0x00000011df100000,0x00000011df200000) (1024K)]
  0x000001fe0eed4310 JavaThread "C2 CompilerThread0"         daemon [_thread_in_native, id=14560, stack(0x00000011df200000,0x00000011df300000) (1024K)]
  0x000001fe0ef444f0 JavaThread "C1 CompilerThread0"         daemon [_thread_in_vm, id=16364, stack(0x00000011df300000,0x00000011df400000) (1024K)]
  0x000001fe67776110 JavaThread "Common-Cleaner"             daemon [_thread_blocked, id=27896, stack(0x00000011df400000,0x00000011df500000) (1024K)]
  0x000001fe6790bf80 JavaThread "Notification Thread"        daemon [_thread_blocked, id=20476, stack(0x00000011df500000,0x00000011df600000) (1024K)]
=>0x000001fe6791efc0 JavaThread "C2 CompilerThread1"         daemon [_thread_in_native, id=7716, stack(0x00000011df600000,0x00000011df700000) (1024K)]
Total: 12

Other Threads:
  0x000001fe0f09f880 VMThread "VM Thread"                           [id=23560, stack(0x00000011deb00000,0x00000011dec00000) (1024K)]
  0x000001fe0f04b830 WatcherThread "VM Periodic Task Thread"        [id=19364, stack(0x00000011dea00000,0x00000011deb00000) (1024K)]
  0x000001fe0efff9a0 WorkerThread "GC Thread#0"                     [id=23140, stack(0x00000011de900000,0x00000011dea00000) (1024K)]
Total: 3

Threads with active compile tasks:
C2 CompilerThread0  3704  727       4       java.util.Collections$UnmodifiableCollection::iterator (9 bytes)
C1 CompilerThread0  3704  759       3       java.util.Properties::loadConvert (540 bytes)
C2 CompilerThread1  3704  725       4       lombok.patcher.scripts.MethodLevelPatchScript::patch (21 bytes)
Total: 3

VM state: not at safepoint (normal execution)

VM Mutex/Monitor currently owned by a thread: None

Heap address: 0x0000000080000000, size: 2048 MB, Compressed Oops mode: 32-bit

CDS archive(s) mapped at: [0x000001fe26000000-0x000001fe26ba0000-0x000001fe26ba0000), size 12189696, SharedBaseAddress: 0x000001fe26000000, ArchiveRelocationMode: 1.
Compressed class space mapped at: 0x000001fe27000000-0x000001fe67000000, reserved size: 1073741824
Narrow klass base: 0x000001fe26000000, Narrow klass shift: 0, Narrow klass range: 0x100000000

GC Precious Log:
 CardTable entry size: 512
 CPUs: 4 total, 4 available
 Memory: 8067M
 Large Page Support: Disabled
 NUMA Support: Disabled
 Compressed Oops: Enabled (32-bit)
 Alignments: Space 512K, Generation 512K, Heap 2M
 Heap Min Capacity: 100M
 Heap Initial Capacity: 100M
 Heap Max Capacity: 2G
 Pre-touch: Disabled
 Parallel Workers: 4

Heap:
 PSYoungGen      total 29696K, used 15554K [0x00000000d5580000, 0x00000000d7680000, 0x0000000100000000)
  eden space 25600K, 60% used [0x00000000d5580000,0x00000000d64b0850,0x00000000d6e80000)
  from space 4096K, 0% used [0x00000000d7280000,0x00000000d7280000,0x00000000d7680000)
  to   space 4096K, 0% used [0x00000000d6e80000,0x00000000d6e80000,0x00000000d7280000)
 ParOldGen       total 68608K, used 0K [0x0000000080000000, 0x0000000084300000, 0x00000000d5580000)
  object space 68608K, 0% used [0x0000000080000000,0x0000000080000000,0x0000000084300000)
 Metaspace       used 3046K, committed 3200K, reserved 1114112K
  class space    used 312K, committed 384K, reserved 1048576K

Card table byte_map: [0x000001fe0e990000,0x000001fe0eda0000] _byte_map_base: 0x000001fe0e590000

Marking Bits: (ParMarkBitMap*) 0x00007ff9335f3450
 Begin Bits: [0x000001fe214a0000, 0x000001fe234a0000)
 End Bits:   [0x000001fe234a0000, 0x000001fe254a0000)

Polling page: 0x000001fe0cd10000

Metaspace:

Usage:
  Non-class:      2.67 MB used.
      Class:    312.19 KB used.
       Both:      2.98 MB used.

Virtual space:
  Non-class space:       64.00 MB reserved,       2.75 MB (  4%) committed,  1 nodes.
      Class space:        1.00 GB reserved,     384.00 KB ( <1%) committed,  1 nodes.
             Both:        1.06 GB reserved,       3.12 MB ( <1%) committed. 

Chunk freelists:
   Non-Class:  11.57 MB
       Class:  15.66 MB
        Both:  27.23 MB

MaxMetaspaceSize: unlimited
CompressedClassSpaceSize: 1.00 GB
Initial GC threshold: 21.00 MB
Current GC threshold: 21.00 MB
CDS: on
 - commit_granule_bytes: 65536.
 - commit_granule_words: 8192.
 - virtual_space_node_default_size: 8388608.
 - enlarge_chunks_in_place: 1.
 - use_allocation_guard: 0.


Internal statistics:

num_allocs_failed_limit: 0.
num_arena_births: 84.
num_arena_deaths: 0.
num_vsnodes_births: 2.
num_vsnodes_deaths: 0.
num_space_committed: 50.
num_space_uncommitted: 0.
num_chunks_returned_to_freelist: 0.
num_chunks_taken_from_freelist: 112.
num_chunk_merges: 0.
num_chunk_splits: 77.
num_chunks_enlarged: 48.
num_inconsistent_stats: 0.

CodeHeap 'non-profiled nmethods': size=120000Kb used=323Kb max_used=323Kb free=119676Kb
 bounds [0x000001fe19cc0000, 0x000001fe19f30000, 0x000001fe211f0000]
CodeHeap 'profiled nmethods': size=120000Kb used=1163Kb max_used=1163Kb free=118837Kb
 bounds [0x000001fe121f0000, 0x000001fe12460000, 0x000001fe19720000]
CodeHeap 'non-nmethods': size=5760Kb used=1184Kb max_used=1205Kb free=4575Kb
 bounds [0x000001fe19720000, 0x000001fe19990000, 0x000001fe19cc0000]
CodeCache: size=245760Kb, used=2670Kb, max_used=2691Kb, free=243088Kb
 total_blobs=1199, nmethods=756, adapters=350, full_count=0
Compilation: enabled, stopped_count=0, restarted_count=0

Compilation events (20 events):
Event: 3.514 Thread 0x000001fe0ef444f0  729       3       java.lang.String::toLowerCase (29 bytes)
Event: 3.514 Thread 0x000001fe0ef444f0 nmethod 729 0x000001fe12300910 code [0x000001fe12300ae0, 0x000001fe12300d98]
Event: 3.514 Thread 0x000001fe0ef444f0  730       3       java.security.Provider$ServiceKey::<init> (39 bytes)
Event: 3.515 Thread 0x000001fe0ef444f0 nmethod 730 0x000001fe12300e90 code [0x000001fe12301080, 0x000001fe123014c0]
Event: 3.515 Thread 0x000001fe0ef444f0  731       3       java.security.Provider$ServiceKey::hashCode (19 bytes)
Event: 3.515 Thread 0x000001fe0ef444f0 nmethod 731 0x000001fe12301690 code [0x000001fe12301840, 0x000001fe123019d8]
Event: 3.515 Thread 0x000001fe0ef444f0  732       1       java.security.Provider$UString::toString (5 bytes)
Event: 3.515 Thread 0x000001fe0ef444f0 nmethod 732 0x000001fe19d0bc90 code [0x000001fe19d0be20, 0x000001fe19d0bee8]
Event: 3.516 Thread 0x000001fe0ef444f0  733       1       java.security.Provider$Service::getProvider (5 bytes)
Event: 3.516 Thread 0x000001fe0ef444f0 nmethod 733 0x000001fe19d0bf90 code [0x000001fe19d0c120, 0x000001fe19d0c1e8]
Event: 3.517 Thread 0x000001fe0ef444f0  734       1       java.security.Provider$Service::getClassName (5 bytes)
Event: 3.517 Thread 0x000001fe0ef444f0 nmethod 734 0x000001fe19d0c290 code [0x000001fe19d0c420, 0x000001fe19d0c4e8]
Event: 3.519 Thread 0x000001fe0ef444f0  736       3       sun.security.provider.SHA2::implCompress0 (448 bytes)
Event: 3.521 Thread 0x000001fe0ef444f0 nmethod 736 0x000001fe12301b10 code [0x000001fe12301d60, 0x000001fe12302910]
Event: 3.522 Thread 0x000001fe0ef444f0  738       3       sun.security.provider.ByteArrayAccess::b2iBig64 (231 bytes)
Event: 3.528 Thread 0x000001fe0ef444f0 nmethod 738 0x000001fe12303010 code [0x000001fe12303860, 0x000001fe123083f0]
Event: 3.529 Thread 0x000001fe0ef444f0  739       3       sun.security.provider.SHA2::implCompress (13 bytes)
Event: 3.529 Thread 0x000001fe0ef444f0 nmethod 739 0x000001fe12309890 code [0x000001fe12309a80, 0x000001fe12309eb8]
Event: 3.529 Thread 0x000001fe0ef444f0  740       3       sun.security.provider.SHA2::implCompressCheck (18 bytes)
Event: 3.530 Thread 0x000001fe0ef444f0 nmethod 740 0x000001fe1230a110 code [0x000001fe1230a2e0, 0x000001fe1230a670]

GC Heap History (0 events):
No events

Dll operation events (8 events):
Event: 0.037 Loaded shared library c:\Users\user\.vscode\extensions\redhat.java-1.53.0-win32-x64\jre\21.0.10-win32-x86_64\bin\java.dll
Event: 1.025 Loaded shared library c:\Users\user\.vscode\extensions\redhat.java-1.53.0-win32-x64\jre\21.0.10-win32-x86_64\bin\zip.dll
Event: 1.284 Loaded shared library C:\Users\user\.vscode\extensions\redhat.java-1.53.0-win32-x64\jre\21.0.10-win32-x86_64\bin\instrument.dll
Event: 1.296 Loaded shared library C:\Users\user\.vscode\extensions\redhat.java-1.53.0-win32-x64\jre\21.0.10-win32-x86_64\bin\net.dll
Event: 1.300 Loaded shared library C:\Users\user\.vscode\extensions\redhat.java-1.53.0-win32-x64\jre\21.0.10-win32-x86_64\bin\nio.dll
Event: 1.305 Loaded shared library C:\Users\user\.vscode\extensions\redhat.java-1.53.0-win32-x64\jre\21.0.10-win32-x86_64\bin\zip.dll
Event: 1.428 Loaded shared library C:\Users\user\.vscode\extensions\redhat.java-1.53.0-win32-x64\jre\21.0.10-win32-x86_64\bin\jimage.dll
Event: 1.855 Loaded shared library c:\Users\user\.vscode\extensions\redhat.java-1.53.0-win32-x64\jre\21.0.10-win32-x86_64\bin\verify.dll

Deoptimization events (20 events):
Event: 3.410 Thread 0x000001fe0efe0cd0 DEOPT PACKING pc=0x000001fe122ebe04 sp=0x00000011de8fd940
Event: 3.410 Thread 0x000001fe0efe0cd0 DEOPT UNPACKING pc=0x000001fe19774242 sp=0x00000011de8fcd98 mode 0
Event: 3.410 Thread 0x000001fe0efe0cd0 DEOPT PACKING pc=0x000001fe122ebe04 sp=0x00000011de8fd8c0
Event: 3.410 Thread 0x000001fe0efe0cd0 DEOPT UNPACKING pc=0x000001fe19774242 sp=0x00000011de8fcd18 mode 0
Event: 3.410 Thread 0x000001fe0efe0cd0 DEOPT PACKING pc=0x000001fe122ebe04 sp=0x00000011de8fd940
Event: 3.410 Thread 0x000001fe0efe0cd0 DEOPT UNPACKING pc=0x000001fe19774242 sp=0x00000011de8fcd98 mode 0
Event: 3.411 Thread 0x000001fe0efe0cd0 DEOPT PACKING pc=0x000001fe122ebe04 sp=0x00000011de8fd940
Event: 3.411 Thread 0x000001fe0efe0cd0 DEOPT UNPACKING pc=0x000001fe19774242 sp=0x00000011de8fcd98 mode 0
Event: 3.411 Thread 0x000001fe0efe0cd0 DEOPT PACKING pc=0x000001fe122ebe04 sp=0x00000011de8fd8c0
Event: 3.411 Thread 0x000001fe0efe0cd0 DEOPT UNPACKING pc=0x000001fe19774242 sp=0x00000011de8fcd18 mode 0
Event: 3.411 Thread 0x000001fe0efe0cd0 DEOPT PACKING pc=0x000001fe122ebe04 sp=0x00000011de8fd940
Event: 3.411 Thread 0x000001fe0efe0cd0 DEOPT UNPACKING pc=0x000001fe19774242 sp=0x00000011de8fcd98 mode 0
Event: 3.411 Thread 0x000001fe0efe0cd0 DEOPT PACKING pc=0x000001fe122ebe04 sp=0x00000011de8fd940
Event: 3.411 Thread 0x000001fe0efe0cd0 DEOPT UNPACKING pc=0x000001fe19774242 sp=0x00000011de8fcd98 mode 0
Event: 3.413 Thread 0x000001fe0efe0cd0 DEOPT PACKING pc=0x000001fe122ebe04 sp=0x00000011de8fd930
Event: 3.413 Thread 0x000001fe0efe0cd0 DEOPT UNPACKING pc=0x000001fe19774242 sp=0x00000011de8fcd88 mode 0
Event: 3.427 Thread 0x000001fe0efe0cd0 Uncommon trap: trap_request=0xffffff6e fr.pc=0x000001fe19d0a32c relative=0x000000000000020c
Event: 3.427 Thread 0x000001fe0efe0cd0 Uncommon trap: reason=loop_limit_check action=maybe_recompile pc=0x000001fe19d0a32c method=java.math.BigInteger.implMulAdd([I[IIII)I @ 26 c2
Event: 3.427 Thread 0x000001fe0efe0cd0 DEOPT PACKING pc=0x000001fe19d0a32c sp=0x00000011de8fdb20
Event: 3.427 Thread 0x000001fe0efe0cd0 DEOPT UNPACKING pc=0x000001fe19773aa2 sp=0x00000011de8fda70 mode 2

Classes loaded (20 events):
Event: 3.507 Loading class java/security/interfaces/XECKey done
Event: 3.507 Loading class sun/security/util/KeyUtil
Event: 3.507 Loading class sun/security/util/KeyUtil done
Event: 3.508 Loading class sun/security/util/Length
Event: 3.508 Loading class sun/security/util/Length done
Event: 3.508 Loading class javax/crypto/SecretKey
Event: 3.508 Loading class javax/crypto/SecretKey done
Event: 3.511 Loading class java/util/Base64
Event: 3.511 Loading class java/util/Base64 done
Event: 3.511 Loading class java/util/Base64$Decoder
Event: 3.512 Loading class java/util/Base64$Decoder done
Event: 3.512 Loading class java/util/Base64$Encoder
Event: 3.512 Loading class java/util/Base64$Encoder done
Event: 3.513 Loading class java/util/jar/JarVerifier$VerifierStream
Event: 3.513 Loading class java/util/jar/JarVerifier$VerifierStream done
Event: 3.513 Loading class sun/security/util/ManifestEntryVerifier$SunProviderHolder
Event: 3.513 Loading class sun/security/util/ManifestEntryVerifier$SunProviderHolder done
Event: 3.536 Loading class java/lang/NumberFormatException
Event: 3.536 Loading class java/lang/NumberFormatException done
Event: 3.536 Loading class java/net/URISyntaxException

Classes unloaded (0 events):
No events

Classes redefined (0 events):
No events

Internal exceptions (12 events):
Event: 1.011 Thread 0x000001fe0efe0cd0 Exception <a 'java/lang/NoSuchMethodError'{0x00000000d57a9398}: 'void java.lang.invoke.DirectMethodHandle$Holder.invokeStatic(java.lang.Object, java.lang.Object, java.lang.Object)'> (0x00000000d57a9398) 
thrown [s\src\hotspot\share\interpreter\linkResolver.cpp, line 773]
Event: 1.416 Thread 0x000001fe0efe0cd0 Exception <a 'java/lang/NoSuchMethodError'{0x00000000d59122b8}: 'java.lang.Object java.lang.invoke.Invokers$Holder.invokeExact_MT(java.lang.Object, java.lang.Object, java.lang.Object, java.lang.Object, java.lang.Object)'> (0x00000000d59122b8) 
thrown [s\src\hotspot\share\interpreter\linkResolver.cpp, line 773]
Event: 1.633 Thread 0x000001fe0efe0cd0 Exception <a 'java/lang/NoSuchMethodError'{0x00000000d59ca220}: 'int java.lang.invoke.DirectMethodHandle$Holder.invokeSpecial(java.lang.Object, java.lang.Object, java.lang.Object, int)'> (0x00000000d59ca220) 
thrown [s\src\hotspot\share\interpreter\linkResolver.cpp, line 773]
Event: 1.637 Thread 0x000001fe0efe0cd0 Exception <a 'java/lang/NoSuchMethodError'{0x00000000d59dcc08}: 'java.lang.Object java.lang.invoke.DirectMethodHandle$Holder.invokeStatic(java.lang.Object, java.lang.Object, java.lang.Object, java.lang.Object, int)'> (0x00000000d59dcc08) 
thrown [s\src\hotspot\share\interpreter\linkResolver.cpp, line 773]
Event: 1.644 Thread 0x000001fe0efe0cd0 Exception <a 'java/lang/NoSuchMethodError'{0x00000000d59e80b0}: 'void java.lang.invoke.DelegatingMethodHandle$Holder.reinvoke_L(java.lang.Object, java.lang.Object, java.lang.Object, int, java.lang.Object)'> (0x00000000d59e80b0) 
thrown [s\src\hotspot\share\interpreter\linkResolver.cpp, line 773]
Event: 1.648 Thread 0x000001fe0efe0cd0 Exception <a 'java/lang/NoSuchMethodError'{0x00000000d59f8a00}: 'int java.lang.invoke.DirectMethodHandle$Holder.invokeSpecial(java.lang.Object, java.lang.Object, java.lang.Object)'> (0x00000000d59f8a00) 
thrown [s\src\hotspot\share\interpreter\linkResolver.cpp, line 773]
Event: 1.651 Thread 0x000001fe0efe0cd0 Exception <a 'java/lang/NoSuchMethodError'{0x00000000d5a046c0}: 'java.lang.Object java.lang.invoke.DirectMethodHandle$Holder.invokeStatic(java.lang.Object, java.lang.Object, int)'> (0x00000000d5a046c0) 
thrown [s\src\hotspot\share\interpreter\linkResolver.cpp, line 773]
Event: 1.653 Thread 0x000001fe0efe0cd0 Exception <a 'java/lang/NoSuchMethodError'{0x00000000d5a09010}: 'void java.lang.invoke.DirectMethodHandle$Holder.invokeStatic(java.lang.Object, java.lang.Object, int, java.lang.Object)'> (0x00000000d5a09010) 
thrown [s\src\hotspot\share\interpreter\linkResolver.cpp, line 773]
Event: 1.654 Thread 0x000001fe0efe0cd0 Exception <a 'java/lang/NoSuchMethodError'{0x00000000d5a0cba0}: 'void java.lang.invoke.DirectMethodHandle$Holder.invokeSpecial(java.lang.Object, java.lang.Object, java.lang.Object, int, java.lang.Object)'> (0x00000000d5a0cba0) 
thrown [s\src\hotspot\share\interpreter\linkResolver.cpp, line 773]
Event: 1.655 Thread 0x000001fe0efe0cd0 Exception <a 'java/lang/NoSuchMethodError'{0x00000000d5a10010}: 'void java.lang.invoke.DelegatingMethodHandle$Holder.delegate(java.lang.Object, java.lang.Object, int, java.lang.Object)'> (0x00000000d5a10010) 
thrown [s\src\hotspot\share\interpreter\linkResolver.cpp, line 773]
Event: 1.994 Thread 0x000001fe0efe0cd0 Exception <a 'java/lang/NoSuchMethodError'{0x00000000d5bcf3d0}: 'void java.lang.invoke.DelegatingMethodHandle$Holder.reinvoke_L(java.lang.Object, java.lang.Object, java.lang.Object, int)'> (0x00000000d5bcf3d0) 
thrown [s\src\hotspot\share\interpreter\linkResolver.cpp, line 773]
Event: 2.987 Thread 0x000001fe0efe0cd0 Exception <a 'java/lang/NoSuchMethodError'{0x00000000d605ae98}: 'void java.lang.invoke.DirectMethodHandle$Holder.invokeVirtual(java.lang.Object, java.lang.Object)'> (0x00000000d605ae98) 
thrown [s\src\hotspot\share\interpreter\linkResolver.cpp, line 773]

ZGC Phase Switch (0 events):
No events

VM Operations (10 events):
Event: 1.019 Executing non-safepoint VM operation: HandshakeAllThreads (Deoptimize)
Event: 1.019 Executing non-safepoint VM operation: HandshakeAllThreads (Deoptimize) done
Event: 1.497 Executing non-safepoint VM operation: HandshakeAllThreads (Deoptimize)
Event: 1.498 Executing non-safepoint VM operation: HandshakeAllThreads (Deoptimize) done
Event: 1.498 Executing safepoint VM operation: Cleanup
Event: 1.498 Executing safepoint VM operation: Cleanup done
Event: 2.504 Executing safepoint VM operation: Cleanup
Event: 2.536 Executing safepoint VM operation: Cleanup done
Event: 3.508 Executing non-safepoint VM operation: HandshakeAllThreads (Deoptimize)
Event: 3.508 Executing non-safepoint VM operation: HandshakeAllThreads (Deoptimize) done

Memory protections (0 events):
No events

Nmethod flushes (0 events):
No events

Events (16 events):
Event: 0.224 Thread 0x000001fe0efe0cd0 Thread added: 0x000001fe0efe0cd0
Event: 0.432 Thread 0x000001fe0efe0cd0 Thread added: 0x000001fe0f0adf20
Event: 0.434 Thread 0x000001fe0efe0cd0 Thread added: 0x000001fe0eecb900
Event: 0.437 Thread 0x000001fe0efe0cd0 Thread added: 0x000001fe0eecd680
Event: 0.437 Thread 0x000001fe0efe0cd0 Thread added: 0x000001fe0eece820
Event: 0.438 Thread 0x000001fe0efe0cd0 Thread added: 0x000001fe0eed1a60
Event: 0.438 Thread 0x000001fe0efe0cd0 Thread added: 0x000001fe0eed34d0
Event: 0.438 Thread 0x000001fe0efe0cd0 Thread added: 0x000001fe0eed4310
Event: 0.571 Thread 0x000001fe0efe0cd0 Thread added: 0x000001fe0ef444f0
Event: 1.288 Thread 0x000001fe0efe0cd0 Thread added: 0x000001fe67776110
Event: 1.777 Thread 0x000001fe0ef444f0 Thread added: 0x000001fe67854460
Event: 1.987 Thread 0x000001fe67854460 Thread exited: 0x000001fe67854460
Event: 2.550 Thread 0x000001fe0efe0cd0 Thread added: 0x000001fe6790bf80
Event: 2.559 Thread 0x000001fe0ef444f0 Thread added: 0x000001fe67904140
Event: 2.713 Thread 0x000001fe67904140 Thread exited: 0x000001fe67904140
Event: 3.133 Thread 0x000001fe0ef444f0 Thread added: 0x000001fe6791efc0


Dynamic libraries:
0x00007ff614770000 - 0x00007ff61477e000 	c:\Users\user\.vscode\extensions\redhat.java-1.53.0-win32-x64\jre\21.0.10-win32-x86_64\bin\java.exe
0x00007ff9ce490000 - 0x00007ff9ce688000 	C:\WINDOWS\SYSTEM32\ntdll.dll
0x00007ff9c0e00000 - 0x00007ff9c0e20000 	C:\Program Files\Avast Software\Avast\aswhook.dll
0x00007ff9cc680000 - 0x00007ff9cc73d000 	C:\WINDOWS\System32\KERNEL32.DLL
0x00007ff9cbbb0000 - 0x00007ff9cbe7e000 	C:\WINDOWS\System32\KERNELBASE.dll
0x00007ff9cc060000 - 0x00007ff9cc160000 	C:\WINDOWS\System32\ucrtbase.dll
0x00007ff9b4d30000 - 0x00007ff9b4d48000 	c:\Users\user\.vscode\extensions\redhat.java-1.53.0-win32-x64\jre\21.0.10-win32-x86_64\bin\jli.dll
0x00007ff9ccc20000 - 0x00007ff9ccdc0000 	C:\WINDOWS\System32\USER32.dll
0x00007ff9cc160000 - 0x00007ff9cc182000 	C:\WINDOWS\System32\win32u.dll
0x00007ff9cc750000 - 0x00007ff9cc77a000 	C:\WINDOWS\System32\GDI32.dll
0x00007ff9cbe80000 - 0x00007ff9cbf8b000 	C:\WINDOWS\System32\gdi32full.dll
0x00007ff9cbfc0000 - 0x00007ff9cc05d000 	C:\WINDOWS\System32\msvcp_win.dll
0x00007ff9ad750000 - 0x00007ff9ad76e000 	c:\Users\user\.vscode\extensions\redhat.java-1.53.0-win32-x64\jre\21.0.10-win32-x86_64\bin\VCRUNTIME140.dll
0x00007ff9a96f0000 - 0x00007ff9a998a000 	C:\WINDOWS\WinSxS\amd64_microsoft.windows.common-controls_6595b64144ccf1df_6.0.19041.1110_none_60b5254171f9507e\COMCTL32.dll
0x00007ff9cc780000 - 0x00007ff9cc81e000 	C:\WINDOWS\System32\msvcrt.dll
0x00007ff9ce1b0000 - 0x00007ff9ce1e0000 	C:\WINDOWS\System32\IMM32.DLL
0x00007ff9b4d20000 - 0x00007ff9b4d2c000 	c:\Users\user\.vscode\extensions\redhat.java-1.53.0-win32-x64\jre\21.0.10-win32-x86_64\bin\vcruntime140_1.dll
0x00007ff936170000 - 0x00007ff9361fd000 	c:\Users\user\.vscode\extensions\redhat.java-1.53.0-win32-x64\jre\21.0.10-win32-x86_64\bin\msvcp140.dll
0x00007ff932930000 - 0x00007ff9336d1000 	c:\Users\user\.vscode\extensions\redhat.java-1.53.0-win32-x64\jre\21.0.10-win32-x86_64\bin\server\jvm.dll
0x00007ff9cc5d0000 - 0x00007ff9cc67e000 	C:\WINDOWS\System32\ADVAPI32.dll
0x00007ff9cc990000 - 0x00007ff9cca2c000 	C:\WINDOWS\System32\sechost.dll
0x00007ff9ce080000 - 0x00007ff9ce1a5000 	C:\WINDOWS\System32\RPCRT4.dll
0x00007ff9cdf60000 - 0x00007ff9cdfcb000 	C:\WINDOWS\System32\WS2_32.dll
0x00007ff9cba20000 - 0x00007ff9cba6b000 	C:\WINDOWS\SYSTEM32\POWRPROF.dll
0x00007ff9b7160000 - 0x00007ff9b7187000 	C:\WINDOWS\SYSTEM32\WINMM.dll
0x00007ff9c0b10000 - 0x00007ff9c0b1a000 	C:\WINDOWS\SYSTEM32\VERSION.dll
0x00007ff9cb950000 - 0x00007ff9cb962000 	C:\WINDOWS\SYSTEM32\UMPDC.dll
0x00007ff9ca400000 - 0x00007ff9ca412000 	C:\WINDOWS\SYSTEM32\kernel.appcore.dll
0x00007ff9ad740000 - 0x00007ff9ad74a000 	c:\Users\user\.vscode\extensions\redhat.java-1.53.0-win32-x64\jre\21.0.10-win32-x86_64\bin\jimage.dll
0x00007ff9c5ae0000 - 0x00007ff9c5cc4000 	C:\WINDOWS\SYSTEM32\DBGHELP.DLL
0x00007ff9b9610000 - 0x00007ff9b963c000 	C:\WINDOWS\SYSTEM32\dbgcore.DLL
0x00007ff9cc2b0000 - 0x00007ff9cc332000 	C:\WINDOWS\System32\bcryptPrimitives.dll
0x00007ff9b6330000 - 0x00007ff9b633f000 	c:\Users\user\.vscode\extensions\redhat.java-1.53.0-win32-x64\jre\21.0.10-win32-x86_64\bin\instrument.dll
0x00007ff9ad720000 - 0x00007ff9ad740000 	c:\Users\user\.vscode\extensions\redhat.java-1.53.0-win32-x64\jre\21.0.10-win32-x86_64\bin\java.dll
0x00007ff9cd040000 - 0x00007ff9cd784000 	C:\WINDOWS\System32\SHELL32.dll
0x00007ff9c96c0000 - 0x00007ff9c9e54000 	C:\WINDOWS\SYSTEM32\windows.storage.dll
0x00007ff9cdc00000 - 0x00007ff9cdf54000 	C:\WINDOWS\System32\combase.dll
0x00007ff9cb460000 - 0x00007ff9cb490000 	C:\WINDOWS\SYSTEM32\Wldp.dll
0x00007ff9ccf00000 - 0x00007ff9ccfad000 	C:\WINDOWS\System32\SHCORE.dll
0x00007ff9ce3f0000 - 0x00007ff9ce445000 	C:\WINDOWS\System32\shlwapi.dll
0x00007ff9cbaf0000 - 0x00007ff9cbb0f000 	C:\WINDOWS\SYSTEM32\profapi.dll
0x00007ff9ad700000 - 0x00007ff9ad718000 	c:\Users\user\.vscode\extensions\redhat.java-1.53.0-win32-x64\jre\21.0.10-win32-x86_64\bin\zip.dll
0x00007ff9ad600000 - 0x00007ff9ad610000 	C:\Users\user\.vscode\extensions\redhat.java-1.53.0-win32-x64\jre\21.0.10-win32-x86_64\bin\net.dll
0x00007ff9b8eb0000 - 0x00007ff9b8fba000 	C:\WINDOWS\SYSTEM32\WINHTTP.dll
0x00007ff9cb240000 - 0x00007ff9cb2aa000 	C:\WINDOWS\system32\mswsock.dll
0x00007ff9ad5e0000 - 0x00007ff9ad5f6000 	C:\Users\user\.vscode\extensions\redhat.java-1.53.0-win32-x64\jre\21.0.10-win32-x86_64\bin\nio.dll
0x00007ff9b61d0000 - 0x00007ff9b61e0000 	c:\Users\user\.vscode\extensions\redhat.java-1.53.0-win32-x64\jre\21.0.10-win32-x86_64\bin\verify.dll

JVMTI agents:
c:\Users\user\.vscode\extensions\redhat.java-1.53.0-win32-x64\lombok\lombok-1.18.39-4050.jar path:c:\Users\user\.vscode\extensions\redhat.java-1.53.0-win32-x64\jre\21.0.10-win32-x86_64\bin\instrument.dll, loaded, initialized, instrumentlib options:none

dbghelp: loaded successfully - version: 4.0.5 - missing functions: none
symbol engine: initialized successfully - sym options: 0x614 - pdb path: .;c:\Users\user\.vscode\extensions\redhat.java-1.53.0-win32-x64\jre\21.0.10-win32-x86_64\bin;C:\WINDOWS\SYSTEM32;C:\Program Files\Avast Software\Avast;C:\WINDOWS\WinSxS\amd64_microsoft.windows.common-controls_6595b64144ccf1df_6.0.19041.1110_none_60b5254171f9507e;c:\Users\user\.vscode\extensions\redhat.java-1.53.0-win32-x64\jre\21.0.10-win32-x86_64\bin\server

VM Arguments:
jvm_args: --add-modules=ALL-SYSTEM --add-opens=java.base/java.util=ALL-UNNAMED --add-opens=java.base/java.lang=ALL-UNNAMED --add-opens=java.base/sun.nio.fs=ALL-UNNAMED -Declipse.application=org.eclipse.jdt.ls.core.id1 -Dosgi.bundles.defaultStartLevel=4 -Declipse.product=org.eclipse.jdt.ls.core.product -Djava.import.generatesMetadataFilesAtProjectRoot=false -DDetectVMInstallationsJob.disabled=true -Dfile.encoding=utf8 -XX:+UseParallelGC -XX:GCTimeRatio=4 -XX:AdaptiveSizePolicyWeight=90 -Dsun.zip.disableMemoryMapping=true -Xmx2G -Xms100m -Xlog:disable -javaagent:c:\Users\user\.vscode\extensions\redhat.java-1.53.0-win32-x64\lombok\lombok-1.18.39-4050.jar -XX:+HeapDumpOnOutOfMemoryError -XX:HeapDumpPath=c:\Users\user\AppData\Roaming\Code\User\workspaceStorage\1497b81ebb6a540a594010e5a6647125\redhat.java -Daether.dependencyCollector.impl=bf 
java_command: c:\Users\user\.vscode\extensions\redhat.java-1.53.0-win32-x64\server\plugins\org.eclipse.equinox.launcher_1.7.100.v20251111-0406.jar -configuration c:\Users\user\AppData\Roaming\Code\User\globalStorage\redhat.java\1.53.0\config_win -data c:\Users\user\AppData\Roaming\Code\User\workspaceStorage\1497b81ebb6a540a594010e5a6647125\redhat.java\jdt_ws --pipe=\\.\pipe\lsp-d8cefab2767852db53611df5ad939e7b-sock
java_class_path (initial): c:\Users\user\.vscode\extensions\redhat.java-1.53.0-win32-x64\server\plugins\org.eclipse.equinox.launcher_1.7.100.v20251111-0406.jar
Launcher Type: SUN_STANDARD

[Global flags]
    uintx AdaptiveSizePolicyWeight                 = 90                                        {product} {command line}
     intx CICompilerCount                          = 3                                         {product} {ergonomic}
    uintx GCTimeRatio                              = 4                                         {product} {command line}
     bool HeapDumpOnOutOfMemoryError               = true                                   {manageable} {command line}
    ccstr HeapDumpPath                             = c:\Users\user\AppData\Roaming\Code\User\workspaceStorage\1497b81ebb6a540a594010e5a6647125\redhat.java         {manageable} {command line}
   size_t InitialHeapSize                          = 104857600                                 {product} {command line}
   size_t MaxHeapSize                              = 2147483648                                {product} {command line}
   size_t MaxNewSize                               = 715653120                                 {product} {ergonomic}
   size_t MinHeapDeltaBytes                        = 524288                                    {product} {ergonomic}
   size_t MinHeapSize                              = 104857600                                 {product} {command line}
   size_t NewSize                                  = 34603008                                  {product} {ergonomic}
    uintx NonNMethodCodeHeapSize                   = 5832780                                {pd product} {ergonomic}
    uintx NonProfiledCodeHeapSize                  = 122912730                              {pd product} {ergonomic}
   size_t OldSize                                  = 70254592                                  {product} {ergonomic}
    uintx ProfiledCodeHeapSize                     = 122912730                              {pd product} {ergonomic}
    uintx ReservedCodeCacheSize                    = 251658240                              {pd product} {ergonomic}
     bool SegmentedCodeCache                       = true                                      {product} {ergonomic}
   size_t SoftMaxHeapSize                          = 2147483648                             {manageable} {ergonomic}
     bool UseCompressedOops                        = true                           {product lp64_product} {ergonomic}
     bool UseLargePagesIndividualAllocation        = false                                  {pd product} {ergonomic}
     bool UseParallelGC                            = true                                      {product} {command line}

Logging:
Log output configuration:
 #0: stdout all=off uptime,level,tags foldmultilines=false
 #1: stderr all=off uptime,level,tags foldmultilines=false

Release file:
JAVA_VERSION="21.0.10" 
MODULES="java.base java.compiler java.datatransfer java.xml java.prefs java.desktop java.instrument java.logging java.management java.security.sasl java.naming java.rmi java.management.rmi java.net.http java.scripting java.security.jgss java.transaction.xa java.sql java.sql.rowset java.xml.crypto java.se java.smartcardio jdk.accessibility jdk.internal.jvmstat jdk.attach jdk.charsets jdk.internal.opt jdk.zipfs jdk.compiler jdk.crypto.ec jdk.crypto.cryptoki jdk.crypto.mscapi jdk.dynalink jdk.internal.ed jdk.editpad jdk.hotspot.agent jdk.httpserver jdk.internal.le jdk.internal.vm.ci jdk.internal.vm.compiler jdk.internal.vm.compiler.management jdk.jartool jdk.javadoc jdk.jcmd jdk.management jdk.management.agent jdk.jconsole jdk.jdeps jdk.jdwp.agent jdk.jdi jdk.jfr jdk.jshell jdk.jsobject jdk.jstatd jdk.localedata jdk.management.jfr jdk.naming.dns jdk.naming.rmi jdk.net jdk.nio.mapmode jdk.random jdk.sctp jdk.security.auth jdk.security.jgss jdk.unsupported jdk.unsupported.desktop jdk.xml.dom" 

Environment Variables:
PATH=C:\Users\user\AppData\Local\Programs\Microsoft VS Code;C:\Program Files\Eclipse Adoptium\jdk-25.0.1.8-hotspot\bin;C:\Program Files (x86)\Common Files\Intel\Shared Libraries\redist\intel64\compiler;C:\Program Files\Common Files\Oracle\Java\javapath;C:\Program Files (x86)\Common Files\Oracle\Java\javapath;C:\ProgramData\Oracle\Java\javapath;C:\WINDOWS\system32;C:\WINDOWS;C:\WINDOWS\System32\Wbem;C:\WINDOWS\System32\WindowsPowerShell\v1.0\;C:\WINDOWS\System32\OpenSSH\;C:\Program Files\dotnet\;E:\MathWorks MATLAB R2024a x64 Win\Crack\runtime\win64;E:\MathWorks MATLAB R2024a x64 Win\Crack\bin;C:\Program Files\Polyspace\R2020a\runtime\win64;C:\Program Files\Polyspace\R2020a\bin;C:\Program Files\Git\cmd;E:\;E:\atmely\bin;E:\ass\VSrules\;C:\ProgramData\chocolatey\bin;E:\v97\runtime\win64;C:\Users\user\AppData\Local\Programs\Python\Python312\Scripts;C:\Users\user\AppData\Roaming\Python\Python312\Scripts;C:\Program Files (x86)\Windows Kits\10\Windows Performance Toolkit\;C:\Program Files\nodejs\;C:\Program Files\Tailscale\;C:\Program Files\MySQL\MySQL Shell 8.0\bin\;C:\Users\user\.console-ninja\.bin;C:\Users\user\AppData\Local\Programs\Python\Python312\Scripts\;C:\Users\user\AppData\Local\Programs\Python\Python312\;C:\Users\user\AppData\Local\Microsoft\WindowsApps;C:\Program Files\JetBrains\PyCharm Community Edition 2022.1.3\bin;C:\Users\user\AppData\Local\Programs\Microsoft VS Code\bin;C:\Users\user\.dotnet\tools;C:\Users\user\AppData\Local\GitHubDesktop\bin;C:\Program Files\Tesseract-OCR;E:\mosquitto;C:\Users\user\AppData\Roaming\npm;C:\Users\user\AppData\Local\Programs\MiKTeX\miktex\bin\x64\
USERNAME=user
OS=Windows_NT
PROCESSOR_IDENTIFIER=Intel64 Family 6 Model 78 Stepping 3, GenuineIntel
TMP=E:\Temp
TEMP=E:\Temp




Periodic native trim disabled

---------------  S Y S T E M  ---------------

OS:
 Windows 10 , 64 bit Build 19041 (10.0.19041.1806)
OS uptime: 0 days 18:29 hours
Hyper-V role detected

CPU: total 4 (initial active 4) (2 cores per cpu, 2 threads per core) family 6 model 78 stepping 3 microcode 0xf0, cx8, cmov, fxsr, ht, mmx, 3dnowpref, sse, sse2, sse3, ssse3, sse4.1, sse4.2, popcnt, lzcnt, tsc, tscinvbit, avx, avx2, aes, erms, clmul, bmi1, bmi2, rtm, adx, fma, vzeroupper, clflush, clflushopt, hv, rdtscp, f16c
Processor Information for the first 4 processors :
  Max Mhz: 2496, Current Mhz: 2396, Mhz Limit: 2396

Memory: 4k page, system-wide physical 8067M (451M free)
TotalPageFile size 23671M (AvailPageFile size 4M)
current process WorkingSet (physical memory assigned to process): 62M, peak: 62M
current process commit charge ("private bytes"): 220M, peak: 221M

vm_info: OpenJDK 64-Bit Server VM (21.0.10+7-LTS) for windows-amd64 JRE (21.0.10+7-LTS), built on 2026-01-20T00:00:00Z by "admin" with MS VC++ 17.12 (VS2022)

END.
