#
# There is insufficient memory for the Java Runtime Environment to continue.
# Native memory allocation (malloc) failed to allocate 323696 bytes. Error detail: Chunk::new
# Possible reasons:
#   The system is out of physical RAM or swap space
#   This process is running with CompressedOops enabled, and the Java Heap may be blocking the growth of the native heap
# Possible solutions:
#   Reduce memory load on the system
#   Increase physical memory or swap space
#   Check if swap backing store is full
#   Decrease Java heap size (-Xmx/-Xms)
#   Decrease number of Java threads
#   Decrease Java thread stack sizes (-Xss)
#   Set larger code cache with -XX:ReservedCodeCacheSize=
#   JVM is running with Unscaled Compressed Oops mode in which the Java heap is
#     placed in the first 4GB address space. The Java Heap base address is the
#     maximum limit for the native heap growth. Please use -XX:HeapBaseMinAddress
#     to set the Java Heap base and to place the Java Heap above 4GB virtual address.
# This output file may be truncated or incomplete.
#
#  Out of Memory Error (arena.cpp:168), pid=10848, tid=8648
#
# JRE version: OpenJDK Runtime Environment Temurin-21.0.9+10 (21.0.9+10) (build 21.0.9+10-LTS)
# Java VM: OpenJDK 64-Bit Server VM Temurin-21.0.9+10 (21.0.9+10-LTS, mixed mode, sharing, tiered, compressed oops, compressed class ptrs, parallel gc, windows-amd64)
# No core dump will be written. Minidumps are not enabled by default on client versions of Windows
#

---------------  S U M M A R Y ------------

Command Line: --add-modules=ALL-SYSTEM --add-opens=java.base/java.util=ALL-UNNAMED --add-opens=java.base/java.lang=ALL-UNNAMED --add-opens=java.base/sun.nio.fs=ALL-UNNAMED -Declipse.application=org.eclipse.jdt.ls.core.id1 -Dosgi.bundles.defaultStartLevel=4 -Declipse.product=org.eclipse.jdt.ls.core.product -Djava.import.generatesMetadataFilesAtProjectRoot=false -DDetectVMInstallationsJob.disabled=true -Dfile.encoding=utf8 -XX:+UseParallelGC -XX:GCTimeRatio=4 -XX:AdaptiveSizePolicyWeight=90 -Dsun.zip.disableMemoryMapping=true -Xmx2G -Xms100m -Xlog:disable -javaagent:c:\Users\user\.vscode\extensions\redhat.java-1.50.0-win32-x64\lombok\lombok-1.18.39-4050.jar -XX:+HeapDumpOnOutOfMemoryError -XX:HeapDumpPath=c:\Users\user\AppData\Roaming\Code\User\workspaceStorage\1497b81ebb6a540a594010e5a6647125\redhat.java -Daether.dependencyCollector.impl=bf c:\Users\user\.vscode\extensions\redhat.java-1.50.0-win32-x64\server\plugins\org.eclipse.equinox.launcher_1.7.100.v20251111-0406.jar -configuration c:\Users\user\AppData\Roaming\Code\User\globalStorage\redhat.java\1.50.0\config_win -data c:\Users\user\AppData\Roaming\Code\User\workspaceStorage\1497b81ebb6a540a594010e5a6647125\redhat.java\jdt_ws --pipe=\\.\pipe\lsp-f2a83f9a8f85adbf01bd54ba3884d494-sock

Host: Intel(R) Core(TM) i5-6300U CPU @ 2.40GHz, 4 cores, 7G,  Windows 10 , 64 bit Build 19041 (10.0.19041.1806)
Time: Wed Dec 10 15:51:52 2025 E. Africa Standard Time elapsed time: 2.793952 seconds (0d 0h 0m 2s)

---------------  T H R E A D  ---------------

Current thread (0x000001c3062795e0):  JavaThread "C2 CompilerThread1" daemon [_thread_in_native, id=8648, stack(0x00000088c3600000,0x00000088c3700000) (1024K)]


Current CompileTask:
C2:2794  641       4       lombok.patcher.scripts.MethodLevelPatchScript::patch (21 bytes)

Stack: [0x00000088c3600000,0x00000088c3700000]
Native frames: (J=compiled Java code, j=interpreted, Vv=VM code, C=native code)
V  [jvm.dll+0x6d6e29]
V  [jvm.dll+0x8b4b76]
V  [jvm.dll+0x8b712e]
V  [jvm.dll+0x8b7813]
V  [jvm.dll+0x283d86]
V  [jvm.dll+0xc66ed]
V  [jvm.dll+0xc6c31]
V  [jvm.dll+0x3be501]
V  [jvm.dll+0x38ab92]
V  [jvm.dll+0x389fda]
V  [jvm.dll+0x24bfa0]
V  [jvm.dll+0x24b580]
V  [jvm.dll+0x1cb13e]
V  [jvm.dll+0x25b29d]
V  [jvm.dll+0x25982a]
V  [jvm.dll+0x3f7ea6]
V  [jvm.dll+0x85e9ad]
V  [jvm.dll+0x6d565d]
C  [ucrtbase.dll+0x21bb2]
C  [KERNEL32.DLL+0x17034]
C  [ntdll.dll+0x52651]


---------------  P R O C E S S  ---------------

Threads class SMR info:
_java_thread_list=0x000001c306236320, length=12, elements={
0x000001c2a9923a10, 0x000001c2c0310a40, 0x000001c2c0311b00, 0x000001c2c0312a10,
0x000001c2c0313d50, 0x000001c2c0314c60, 0x000001c2c03187d0, 0x000001c2c0319600,
0x000001c2c038d1d0, 0x000001c306147330, 0x000001c30626d560, 0x000001c3062795e0
}

Java Threads: ( => current thread )
  0x000001c2a9923a10 JavaThread "main"                              [_thread_in_vm, id=19404, stack(0x00000088c2800000,0x00000088c2900000) (1024K)]
  0x000001c2c0310a40 JavaThread "Reference Handler"          daemon [_thread_blocked, id=19820, stack(0x00000088c2c00000,0x00000088c2d00000) (1024K)]
  0x000001c2c0311b00 JavaThread "Finalizer"                  daemon [_thread_blocked, id=26192, stack(0x00000088c2d00000,0x00000088c2e00000) (1024K)]
  0x000001c2c0312a10 JavaThread "Signal Dispatcher"          daemon [_thread_blocked, id=10716, stack(0x00000088c2e00000,0x00000088c2f00000) (1024K)]
  0x000001c2c0313d50 JavaThread "Attach Listener"            daemon [_thread_blocked, id=24572, stack(0x00000088c2f00000,0x00000088c3000000) (1024K)]
  0x000001c2c0314c60 JavaThread "Service Thread"             daemon [_thread_blocked, id=12608, stack(0x00000088c3000000,0x00000088c3100000) (1024K)]
  0x000001c2c03187d0 JavaThread "Monitor Deflation Thread"   daemon [_thread_blocked, id=872, stack(0x00000088c3100000,0x00000088c3200000) (1024K)]
  0x000001c2c0319600 JavaThread "C2 CompilerThread0"         daemon [_thread_in_native, id=24760, stack(0x00000088c3200000,0x00000088c3300000) (1024K)]
  0x000001c2c038d1d0 JavaThread "C1 CompilerThread0"         daemon [_thread_blocked, id=124, stack(0x00000088c3300000,0x00000088c3400000) (1024K)]
  0x000001c306147330 JavaThread "Common-Cleaner"             daemon [_thread_blocked, id=26648, stack(0x00000088c3400000,0x00000088c3500000) (1024K)]
  0x000001c30626d560 JavaThread "Notification Thread"        daemon [_thread_blocked, id=23220, stack(0x00000088c3500000,0x00000088c3600000) (1024K)]
=>0x000001c3062795e0 JavaThread "C2 CompilerThread1"         daemon [_thread_in_native, id=8648, stack(0x00000088c3600000,0x00000088c3700000) (1024K)]
Total: 12

Other Threads:
  0x000001c2c02fe880 VMThread "VM Thread"                           [id=21988, stack(0x00000088c2b00000,0x00000088c2c00000) (1024K)]
  0x000001c2a998eb30 WatcherThread "VM Periodic Task Thread"        [id=10552, stack(0x00000088c2a00000,0x00000088c2b00000) (1024K)]
  0x000001c2a9942b90 WorkerThread "GC Thread#0"                     [id=9172, stack(0x00000088c2900000,0x00000088c2a00000) (1024K)]
Total: 3

Threads with active compile tasks:
C2 CompilerThread0  2897  668       4       lombok.patcher.PatchScript::classMatches (41 bytes)
C2 CompilerThread1  2897  641       4       lombok.patcher.scripts.MethodLevelPatchScript::patch (21 bytes)
Total: 2

VM state: not at safepoint (normal execution)

VM Mutex/Monitor currently owned by a thread: None

Heap address: 0x0000000080000000, size: 2048 MB, Compressed Oops mode: 32-bit

CDS archive(s) mapped at: [0x000001c2c1000000-0x000001c2c1ba0000-0x000001c2c1ba0000), size 12189696, SharedBaseAddress: 0x000001c2c1000000, ArchiveRelocationMode: 1.
Compressed class space mapped at: 0x000001c2c2000000-0x000001c302000000, reserved size: 1073741824
Narrow klass base: 0x000001c2c1000000, Narrow klass shift: 0, Narrow klass range: 0x100000000

GC Precious Log:
 CardTable entry size: 512
 CPUs: 4 total, 4 available
 Memory: 8067M
 Large Page Support: Disabled
 NUMA Support: Disabled
 Compressed Oops: Enabled (32-bit)
 Alignments: Space 512K, Generation 512K, Heap 2M
 Heap Min Capacity: 100M
 Heap Initial Capacity: 100M
 Heap Max Capacity: 2G
 Pre-touch: Disabled
 Parallel Workers: 4

Heap:
 PSYoungGen      total 29696K, used 13852K [0x00000000d5580000, 0x00000000d7680000, 0x0000000100000000)
  eden space 25600K, 54% used [0x00000000d5580000,0x00000000d6307380,0x00000000d6e80000)
  from space 4096K, 0% used [0x00000000d7280000,0x00000000d7280000,0x00000000d7680000)
  to   space 4096K, 0% used [0x00000000d6e80000,0x00000000d6e80000,0x00000000d7280000)
 ParOldGen       total 68608K, used 0K [0x0000000080000000, 0x0000000084300000, 0x00000000d5580000)
  object space 68608K, 0% used [0x0000000080000000,0x0000000080000000,0x0000000084300000)
 Metaspace       used 2573K, committed 2816K, reserved 1114112K
  class space    used 264K, committed 384K, reserved 1048576K

Card table byte_map: [0x000001c2a92d0000,0x000001c2a96e0000] _byte_map_base: 0x000001c2a8ed0000

Marking Bits: (ParMarkBitMap*) 0x00007ffedf0c2460
 Begin Bits: [0x000001c2bbde0000, 0x000001c2bdde0000)
 End Bits:   [0x000001c2bdde0000, 0x000001c2bfde0000)

Polling page: 0x000001c2a7910000

Metaspace:

Usage:
  Non-class:      2.26 MB used.
      Class:    265.08 KB used.
       Both:      2.51 MB used.

Virtual space:
  Non-class space:       64.00 MB reserved,       2.38 MB (  4%) committed,  1 nodes.
      Class space:        1.00 GB reserved,     384.00 KB ( <1%) committed,  1 nodes.
             Both:        1.06 GB reserved,       2.75 MB ( <1%) committed. 

Chunk freelists:
   Non-Class:  11.65 MB
       Class:  15.67 MB
        Both:  27.32 MB

MaxMetaspaceSize: unlimited
CompressedClassSpaceSize: 1.00 GB
Initial GC threshold: 21.00 MB
Current GC threshold: 21.00 MB
CDS: on
 - commit_granule_bytes: 65536.
 - commit_granule_words: 8192.
 - virtual_space_node_default_size: 8388608.
 - enlarge_chunks_in_place: 1.
 - use_allocation_guard: 0.


Internal statistics:

num_allocs_failed_limit: 0.
num_arena_births: 80.
num_arena_deaths: 0.
num_vsnodes_births: 2.
num_vsnodes_deaths: 0.
num_space_committed: 44.
num_space_uncommitted: 0.
num_chunks_returned_to_freelist: 0.
num_chunks_taken_from_freelist: 102.
num_chunk_merges: 0.
num_chunk_splits: 72.
num_chunks_enlarged: 46.
num_inconsistent_stats: 0.

CodeHeap 'non-profiled nmethods': size=120000Kb used=253Kb max_used=253Kb free=119746Kb
 bounds [0x000001c2b4600000, 0x000001c2b4870000, 0x000001c2bbb30000]
CodeHeap 'profiled nmethods': size=120000Kb used=1002Kb max_used=1002Kb free=118997Kb
 bounds [0x000001c2acb30000, 0x000001c2acda0000, 0x000001c2b4060000]
CodeHeap 'non-nmethods': size=5760Kb used=1180Kb max_used=1203Kb free=4579Kb
 bounds [0x000001c2b4060000, 0x000001c2b42d0000, 0x000001c2b4600000]
CodeCache: size=245760Kb, used=2435Kb, max_used=2458Kb, free=243322Kb
 total_blobs=1113, nmethods=676, adapters=344, full_count=0
Compilation: enabled, stopped_count=0, restarted_count=0

Compilation events (20 events):
Event: 2.729 Thread 0x000001c2c038d1d0 nmethod 660 0x000001c2b463cb90 code [0x000001c2b463cd20, 0x000001c2b463cde8]
Event: 2.729 Thread 0x000001c2c0319600 nmethod 654 0x000001c2b463ce90 code [0x000001c2b463d020, 0x000001c2b463d208]
Event: 2.729 Thread 0x000001c2c0319600  656       4       java.math.BigInteger::destructiveMulAdd (150 bytes)
Event: 2.730 Thread 0x000001c2c038d1d0  661       3       lombok.eclipse.agent.EclipsePatcher$1::shouldTransform (107 bytes)
Event: 2.731 Thread 0x000001c2c038d1d0 nmethod 661 0x000001c2acc22290 code [0x000001c2acc225a0, 0x000001c2acc23418]
Event: 2.740 Thread 0x000001c2c038d1d0  663       3       java.util.regex.Pattern::isSupplementary (21 bytes)
Event: 2.741 Thread 0x000001c2c038d1d0 nmethod 663 0x000001c2acc23910 code [0x000001c2acc23ac0, 0x000001c2acc23d18]
Event: 2.741 Thread 0x000001c2c038d1d0  664       3       java.lang.Character::isSurrogate (18 bytes)
Event: 2.741 Thread 0x000001c2c038d1d0 nmethod 664 0x000001c2acc23e10 code [0x000001c2acc23fa0, 0x000001c2acc24118]
Event: 2.742 Thread 0x000001c2c0319600 nmethod 656 0x000001c2b463d310 code [0x000001c2b463d4a0, 0x000001c2b463d790]
Event: 2.742 Thread 0x000001c2c0319600  657       4       java.lang.Integer::parseInt (264 bytes)
Event: 2.742 Thread 0x000001c2c038d1d0  665       3       java.lang.invoke.MemberName::getMethodOrFieldType (72 bytes)
Event: 2.744 Thread 0x000001c2c038d1d0 nmethod 665 0x000001c2acc24190 code [0x000001c2acc244e0, 0x000001c2acc25290]
Event: 2.746 Thread 0x000001c2c038d1d0  666       3       java.util.regex.Pattern::peek (26 bytes)
Event: 2.746 Thread 0x000001c2c038d1d0 nmethod 666 0x000001c2acc25790 code [0x000001c2acc25940, 0x000001c2acc25b98]
Event: 2.751 Thread 0x000001c2c0319600 nmethod 657 0x000001c2b463d910 code [0x000001c2b463dae0, 0x000001c2b463ded8]
Event: 2.751 Thread 0x000001c2c0319600  662       4       java.util.Collections$UnmodifiableCollection$1::next (10 bytes)
Event: 2.754 Thread 0x000001c2c038d1d0  667       3       java.lang.invoke.LambdaForm$NamedFunction::returnType (11 bytes)
Event: 2.755 Thread 0x000001c2c038d1d0 nmethod 667 0x000001c2acc25c90 code [0x000001c2acc25ea0, 0x000001c2acc263b8]
Event: 2.764 Thread 0x000001c2c0319600 nmethod 662 0x000001c2b463e410 code [0x000001c2b463e5c0, 0x000001c2b463e9a0]

GC Heap History (0 events):
No events

Dll operation events (8 events):
Event: 0.035 Loaded shared library c:\Users\user\.vscode\extensions\redhat.java-1.50.0-win32-x64\jre\21.0.9-win32-x86_64\bin\java.dll
Event: 0.678 Loaded shared library c:\Users\user\.vscode\extensions\redhat.java-1.50.0-win32-x64\jre\21.0.9-win32-x86_64\bin\zip.dll
Event: 0.966 Loaded shared library C:\Users\user\.vscode\extensions\redhat.java-1.50.0-win32-x64\jre\21.0.9-win32-x86_64\bin\instrument.dll
Event: 0.992 Loaded shared library C:\Users\user\.vscode\extensions\redhat.java-1.50.0-win32-x64\jre\21.0.9-win32-x86_64\bin\net.dll
Event: 0.997 Loaded shared library C:\Users\user\.vscode\extensions\redhat.java-1.50.0-win32-x64\jre\21.0.9-win32-x86_64\bin\nio.dll
Event: 1.161 Loaded shared library C:\Users\user\.vscode\extensions\redhat.java-1.50.0-win32-x64\jre\21.0.9-win32-x86_64\bin\zip.dll
Event: 1.473 Loaded shared library C:\Users\user\.vscode\extensions\redhat.java-1.50.0-win32-x64\jre\21.0.9-win32-x86_64\bin\jimage.dll
Event: 1.910 Loaded shared library c:\Users\user\.vscode\extensions\redhat.java-1.50.0-win32-x64\jre\21.0.9-win32-x86_64\bin\verify.dll

Deoptimization events (20 events):
Event: 2.622 Thread 0x000001c2a9923a10 Uncommon trap: trap_request=0xffffffde fr.pc=0x000001c2b463745c relative=0x000000000000013c
Event: 2.622 Thread 0x000001c2a9923a10 Uncommon trap: reason=class_check action=maybe_recompile pc=0x000001c2b463745c method=jdk.internal.misc.Unsafe.allocateUninitializedArray(Ljava/lang/Class;I)Ljava/lang/Object; @ 51 c2
Event: 2.622 Thread 0x000001c2a9923a10 DEOPT PACKING pc=0x000001c2b463745c sp=0x00000088c28fbc80
Event: 2.622 Thread 0x000001c2a9923a10 DEOPT UNPACKING pc=0x000001c2b40b3aa2 sp=0x00000088c28fbbf8 mode 2
Event: 2.622 Thread 0x000001c2a9923a10 Uncommon trap: trap_request=0xffffffde fr.pc=0x000001c2b463745c relative=0x000000000000013c
Event: 2.622 Thread 0x000001c2a9923a10 Uncommon trap: reason=class_check action=maybe_recompile pc=0x000001c2b463745c method=jdk.internal.misc.Unsafe.allocateUninitializedArray(Ljava/lang/Class;I)Ljava/lang/Object; @ 51 c2
Event: 2.622 Thread 0x000001c2a9923a10 DEOPT PACKING pc=0x000001c2b463745c sp=0x00000088c28fbc80
Event: 2.622 Thread 0x000001c2a9923a10 DEOPT UNPACKING pc=0x000001c2b40b3aa2 sp=0x00000088c28fbbf8 mode 2
Event: 2.622 Thread 0x000001c2a9923a10 Uncommon trap: trap_request=0xffffffde fr.pc=0x000001c2b463745c relative=0x000000000000013c
Event: 2.622 Thread 0x000001c2a9923a10 Uncommon trap: reason=class_check action=maybe_recompile pc=0x000001c2b463745c method=jdk.internal.misc.Unsafe.allocateUninitializedArray(Ljava/lang/Class;I)Ljava/lang/Object; @ 51 c2
Event: 2.622 Thread 0x000001c2a9923a10 DEOPT PACKING pc=0x000001c2b463745c sp=0x00000088c28fbc80
Event: 2.622 Thread 0x000001c2a9923a10 DEOPT UNPACKING pc=0x000001c2b40b3aa2 sp=0x00000088c28fbbf8 mode 2
Event: 2.622 Thread 0x000001c2a9923a10 Uncommon trap: trap_request=0xffffffde fr.pc=0x000001c2b463745c relative=0x000000000000013c
Event: 2.622 Thread 0x000001c2a9923a10 Uncommon trap: reason=class_check action=maybe_recompile pc=0x000001c2b463745c method=jdk.internal.misc.Unsafe.allocateUninitializedArray(Ljava/lang/Class;I)Ljava/lang/Object; @ 51 c2
Event: 2.622 Thread 0x000001c2a9923a10 DEOPT PACKING pc=0x000001c2b463745c sp=0x00000088c28fbcc0
Event: 2.623 Thread 0x000001c2a9923a10 DEOPT UNPACKING pc=0x000001c2b40b3aa2 sp=0x00000088c28fbc38 mode 2
Event: 2.646 Thread 0x000001c2a9923a10 Uncommon trap: trap_request=0xffffff45 fr.pc=0x000001c2b4622a04 relative=0x00000000000000e4
Event: 2.646 Thread 0x000001c2a9923a10 Uncommon trap: reason=unstable_if action=reinterpret pc=0x000001c2b4622a04 method=java.net.URI.match(CJJ)Z @ 45 c2
Event: 2.646 Thread 0x000001c2a9923a10 DEOPT PACKING pc=0x000001c2b4622a04 sp=0x00000088c28fccf0
Event: 2.646 Thread 0x000001c2a9923a10 DEOPT UNPACKING pc=0x000001c2b40b3aa2 sp=0x00000088c28fcc58 mode 2

Classes loaded (20 events):
Event: 2.732 Loading class java/util/LinkedHashMap$LinkedValues done
Event: 2.732 Loading class java/util/StringTokenizer
Event: 2.734 Loading class java/util/StringTokenizer done
Event: 2.734 Loading class sun/security/util/DisabledAlgorithmConstraints$KeySizeConstraint
Event: 2.734 Loading class sun/security/util/DisabledAlgorithmConstraints$Constraint
Event: 2.734 Loading class sun/security/util/DisabledAlgorithmConstraints$Constraint done
Event: 2.734 Loading class sun/security/util/DisabledAlgorithmConstraints$KeySizeConstraint done
Event: 2.738 Loading class sun/security/util/DisabledAlgorithmConstraints$Constraint$Operator
Event: 2.739 Loading class sun/security/util/DisabledAlgorithmConstraints$Constraint$Operator done
Event: 2.739 Loading class sun/security/util/DisabledAlgorithmConstraints$DisabledConstraint
Event: 2.739 Loading class sun/security/util/DisabledAlgorithmConstraints$DisabledConstraint done
Event: 2.740 Loading class sun/security/util/DisabledAlgorithmConstraints$Constraints$Holder
Event: 2.740 Loading class sun/security/util/DisabledAlgorithmConstraints$Constraints$Holder done
Event: 2.746 Loading class java/util/regex/Pattern$BnM
Event: 2.747 Loading class java/util/regex/Pattern$BnM done
Event: 2.747 Loading class java/util/regex/Pattern$SliceS
Event: 2.747 Loading class java/util/regex/Pattern$SliceS done
Event: 2.747 Loading class sun/security/util/DisabledAlgorithmConstraints$DenyAfterConstraint
Event: 2.748 Loading class sun/security/util/DisabledAlgorithmConstraints$DenyAfterConstraint done
Event: 2.760 Loading class java/time/ZonedDateTime

Classes unloaded (0 events):
No events

Classes redefined (0 events):
No events

Internal exceptions (12 events):
Event: 0.661 Thread 0x000001c2a9923a10 Exception <a 'java/lang/NoSuchMethodError'{0x00000000d57a9358}: 'void java.lang.invoke.DirectMethodHandle$Holder.invokeStatic(java.lang.Object, java.lang.Object, java.lang.Object)'> (0x00000000d57a9358) 
thrown [s\src\hotspot\share\interpreter\linkResolver.cpp, line 773]
Event: 1.409 Thread 0x000001c2a9923a10 Exception <a 'java/lang/NoSuchMethodError'{0x00000000d5912190}: 'java.lang.Object java.lang.invoke.Invokers$Holder.invokeExact_MT(java.lang.Object, java.lang.Object, java.lang.Object, java.lang.Object, java.lang.Object)'> (0x00000000d5912190) 
thrown [s\src\hotspot\share\interpreter\linkResolver.cpp, line 773]
Event: 1.691 Thread 0x000001c2a9923a10 Exception <a 'java/lang/NoSuchMethodError'{0x00000000d59ca220}: 'int java.lang.invoke.DirectMethodHandle$Holder.invokeSpecial(java.lang.Object, java.lang.Object, java.lang.Object, int)'> (0x00000000d59ca220) 
thrown [s\src\hotspot\share\interpreter\linkResolver.cpp, line 773]
Event: 1.728 Thread 0x000001c2a9923a10 Exception <a 'java/lang/NoSuchMethodError'{0x00000000d59dcc08}: 'java.lang.Object java.lang.invoke.DirectMethodHandle$Holder.invokeStatic(java.lang.Object, java.lang.Object, java.lang.Object, java.lang.Object, int)'> (0x00000000d59dcc08) 
thrown [s\src\hotspot\share\interpreter\linkResolver.cpp, line 773]
Event: 1.734 Thread 0x000001c2a9923a10 Exception <a 'java/lang/NoSuchMethodError'{0x00000000d59e8048}: 'void java.lang.invoke.DelegatingMethodHandle$Holder.reinvoke_L(java.lang.Object, java.lang.Object, java.lang.Object, int, java.lang.Object)'> (0x00000000d59e8048) 
thrown [s\src\hotspot\share\interpreter\linkResolver.cpp, line 773]
Event: 1.747 Thread 0x000001c2a9923a10 Exception <a 'java/lang/NoSuchMethodError'{0x00000000d59f8b40}: 'int java.lang.invoke.DirectMethodHandle$Holder.invokeSpecial(java.lang.Object, java.lang.Object, java.lang.Object)'> (0x00000000d59f8b40) 
thrown [s\src\hotspot\share\interpreter\linkResolver.cpp, line 773]
Event: 1.751 Thread 0x000001c2a9923a10 Exception <a 'java/lang/NoSuchMethodError'{0x00000000d5a04800}: 'java.lang.Object java.lang.invoke.DirectMethodHandle$Holder.invokeStatic(java.lang.Object, java.lang.Object, int)'> (0x00000000d5a04800) 
thrown [s\src\hotspot\share\interpreter\linkResolver.cpp, line 773]
Event: 1.756 Thread 0x000001c2a9923a10 Exception <a 'java/lang/NoSuchMethodError'{0x00000000d5a09150}: 'void java.lang.invoke.DirectMethodHandle$Holder.invokeStatic(java.lang.Object, java.lang.Object, int, java.lang.Object)'> (0x00000000d5a09150) 
thrown [s\src\hotspot\share\interpreter\linkResolver.cpp, line 773]
Event: 1.757 Thread 0x000001c2a9923a10 Exception <a 'java/lang/NoSuchMethodError'{0x00000000d5a0cce0}: 'void java.lang.invoke.DirectMethodHandle$Holder.invokeSpecial(java.lang.Object, java.lang.Object, java.lang.Object, int, java.lang.Object)'> (0x00000000d5a0cce0) 
thrown [s\src\hotspot\share\interpreter\linkResolver.cpp, line 773]
Event: 1.758 Thread 0x000001c2a9923a10 Exception <a 'java/lang/NoSuchMethodError'{0x00000000d5a10150}: 'void java.lang.invoke.DelegatingMethodHandle$Holder.delegate(java.lang.Object, java.lang.Object, int, java.lang.Object)'> (0x00000000d5a10150) 
thrown [s\src\hotspot\share\interpreter\linkResolver.cpp, line 773]
Event: 2.025 Thread 0x000001c2a9923a10 Exception <a 'java/lang/NoSuchMethodError'{0x00000000d5bcf218}: 'void java.lang.invoke.DelegatingMethodHandle$Holder.reinvoke_L(java.lang.Object, java.lang.Object, java.lang.Object, int)'> (0x00000000d5bcf218) 
thrown [s\src\hotspot\share\interpreter\linkResolver.cpp, line 773]
Event: 2.595 Thread 0x000001c2a9923a10 Exception <a 'java/lang/NoSuchMethodError'{0x00000000d605ae98}: 'void java.lang.invoke.DirectMethodHandle$Holder.invokeVirtual(java.lang.Object, java.lang.Object)'> (0x00000000d605ae98) 
thrown [s\src\hotspot\share\interpreter\linkResolver.cpp, line 773]

ZGC Phase Switch (0 events):
No events

VM Operations (8 events):
Event: 0.673 Executing VM operation: HandshakeAllThreads (Deoptimize)
Event: 0.674 Executing VM operation: HandshakeAllThreads (Deoptimize) done
Event: 1.551 Executing VM operation: HandshakeAllThreads (Deoptimize)
Event: 1.551 Executing VM operation: HandshakeAllThreads (Deoptimize) done
Event: 1.551 Executing VM operation: Cleanup
Event: 1.551 Executing VM operation: Cleanup done
Event: 2.564 Executing VM operation: Cleanup
Event: 2.564 Executing VM operation: Cleanup done

Memory protections (0 events):
No events

Nmethod flushes (0 events):
No events

Events (12 events):
Event: 0.094 Thread 0x000001c2a9923a10 Thread added: 0x000001c2a9923a10
Event: 0.211 Thread 0x000001c2a9923a10 Thread added: 0x000001c2c0310a40
Event: 0.214 Thread 0x000001c2a9923a10 Thread added: 0x000001c2c0311b00
Event: 0.217 Thread 0x000001c2a9923a10 Thread added: 0x000001c2c0312a10
Event: 0.218 Thread 0x000001c2a9923a10 Thread added: 0x000001c2c0313d50
Event: 0.218 Thread 0x000001c2a9923a10 Thread added: 0x000001c2c0314c60
Event: 0.220 Thread 0x000001c2a9923a10 Thread added: 0x000001c2c03187d0
Event: 0.221 Thread 0x000001c2a9923a10 Thread added: 0x000001c2c0319600
Event: 0.332 Thread 0x000001c2a9923a10 Thread added: 0x000001c2c038d1d0
Event: 0.979 Thread 0x000001c2a9923a10 Thread added: 0x000001c306147330
Event: 2.283 Thread 0x000001c2a9923a10 Thread added: 0x000001c30626d560
Event: 2.717 Thread 0x000001c2c038d1d0 Thread added: 0x000001c3062795e0


Dynamic libraries:
0x00007ff656480000 - 0x00007ff65648e000 	c:\Users\user\.vscode\extensions\redhat.java-1.50.0-win32-x64\jre\21.0.9-win32-x86_64\bin\java.exe
0x00007fff96650000 - 0x00007fff96848000 	C:\WINDOWS\SYSTEM32\ntdll.dll
0x00007fff5ef10000 - 0x00007fff5ef30000 	C:\Program Files\Avast Software\Avast\aswhook.dll
0x00007fff95a50000 - 0x00007fff95b0d000 	C:\WINDOWS\System32\KERNEL32.DLL
0x00007fff93f60000 - 0x00007fff9422e000 	C:\WINDOWS\System32\KERNELBASE.dll
0x00007fff94230000 - 0x00007fff94330000 	C:\WINDOWS\System32\ucrtbase.dll
0x00007fff7c080000 - 0x00007fff7c098000 	c:\Users\user\.vscode\extensions\redhat.java-1.50.0-win32-x64\jre\21.0.9-win32-x86_64\bin\jli.dll
0x00007fff94a20000 - 0x00007fff94bc0000 	C:\WINDOWS\System32\USER32.dll
0x00007fff94610000 - 0x00007fff94632000 	C:\WINDOWS\System32\win32u.dll
0x00007fff965e0000 - 0x00007fff9660a000 	C:\WINDOWS\System32\GDI32.dll
0x00007fff93da0000 - 0x00007fff93eab000 	C:\WINDOWS\System32\gdi32full.dll
0x00007fff943c0000 - 0x00007fff9445d000 	C:\WINDOWS\System32\msvcp_win.dll
0x00007fff4e980000 - 0x00007fff4e99e000 	c:\Users\user\.vscode\extensions\redhat.java-1.50.0-win32-x64\jre\21.0.9-win32-x86_64\bin\VCRUNTIME140.dll
0x00007fff7d2b0000 - 0x00007fff7d54a000 	C:\WINDOWS\WinSxS\amd64_microsoft.windows.common-controls_6595b64144ccf1df_6.0.19041.1110_none_60b5254171f9507e\COMCTL32.dll
0x00007fff95fa0000 - 0x00007fff9603e000 	C:\WINDOWS\System32\msvcrt.dll
0x00007fff94bc0000 - 0x00007fff94bf0000 	C:\WINDOWS\System32\IMM32.DLL
0x00007fff7c070000 - 0x00007fff7c07c000 	c:\Users\user\.vscode\extensions\redhat.java-1.50.0-win32-x64\jre\21.0.9-win32-x86_64\bin\vcruntime140_1.dll
0x00007ffeef200000 - 0x00007ffeef28d000 	c:\Users\user\.vscode\extensions\redhat.java-1.50.0-win32-x64\jre\21.0.9-win32-x86_64\bin\msvcp140.dll
0x00007ffede400000 - 0x00007ffedf1a0000 	c:\Users\user\.vscode\extensions\redhat.java-1.50.0-win32-x64\jre\21.0.9-win32-x86_64\bin\server\jvm.dll
0x00007fff95640000 - 0x00007fff956ee000 	C:\WINDOWS\System32\ADVAPI32.dll
0x00007fff95b10000 - 0x00007fff95bac000 	C:\WINDOWS\System32\sechost.dll
0x00007fff94db0000 - 0x00007fff94ed5000 	C:\WINDOWS\System32\RPCRT4.dll
0x00007fff95ca0000 - 0x00007fff95d0b000 	C:\WINDOWS\System32\WS2_32.dll
0x00007fff93b30000 - 0x00007fff93b7b000 	C:\WINDOWS\SYSTEM32\POWRPROF.dll
0x00007fff7bc20000 - 0x00007fff7bc47000 	C:\WINDOWS\SYSTEM32\WINMM.dll
0x00007fff816d0000 - 0x00007fff816da000 	C:\WINDOWS\SYSTEM32\VERSION.dll
0x00007fff93b10000 - 0x00007fff93b22000 	C:\WINDOWS\SYSTEM32\UMPDC.dll
0x00007fff92610000 - 0x00007fff92622000 	C:\WINDOWS\SYSTEM32\kernel.appcore.dll
0x00007fff29c20000 - 0x00007fff29c2a000 	c:\Users\user\.vscode\extensions\redhat.java-1.50.0-win32-x64\jre\21.0.9-win32-x86_64\bin\jimage.dll
0x00007fff8dda0000 - 0x00007fff8df84000 	C:\WINDOWS\SYSTEM32\DBGHELP.DLL
0x00007fff80ae0000 - 0x00007fff80b0c000 	C:\WINDOWS\SYSTEM32\dbgcore.DLL
0x00007fff94330000 - 0x00007fff943b2000 	C:\WINDOWS\System32\bcryptPrimitives.dll
0x00007fff25040000 - 0x00007fff2504f000 	c:\Users\user\.vscode\extensions\redhat.java-1.50.0-win32-x64\jre\21.0.9-win32-x86_64\bin\instrument.dll
0x00007ffeef340000 - 0x00007ffeef360000 	c:\Users\user\.vscode\extensions\redhat.java-1.50.0-win32-x64\jre\21.0.9-win32-x86_64\bin\java.dll
0x00007fff94ee0000 - 0x00007fff95624000 	C:\WINDOWS\System32\SHELL32.dll
0x00007fff917e0000 - 0x00007fff91f74000 	C:\WINDOWS\SYSTEM32\windows.storage.dll
0x00007fff946c0000 - 0x00007fff94a14000 	C:\WINDOWS\System32\combase.dll
0x00007fff93620000 - 0x00007fff93650000 	C:\WINDOWS\SYSTEM32\Wldp.dll
0x00007fff96040000 - 0x00007fff960ed000 	C:\WINDOWS\System32\SHCORE.dll
0x00007fff959f0000 - 0x00007fff95a45000 	C:\WINDOWS\System32\shlwapi.dll
0x00007fff93cb0000 - 0x00007fff93ccf000 	C:\WINDOWS\SYSTEM32\profapi.dll
0x00007ffeeef60000 - 0x00007ffeeef78000 	c:\Users\user\.vscode\extensions\redhat.java-1.50.0-win32-x64\jre\21.0.9-win32-x86_64\bin\zip.dll
0x00007fff250b0000 - 0x00007fff250c0000 	C:\Users\user\.vscode\extensions\redhat.java-1.50.0-win32-x64\jre\21.0.9-win32-x86_64\bin\net.dll
0x00007fff7e020000 - 0x00007fff7e12a000 	C:\WINDOWS\SYSTEM32\WINHTTP.dll
0x00007fff93400000 - 0x00007fff9346a000 	C:\WINDOWS\system32\mswsock.dll
0x00007ffeeef40000 - 0x00007ffeeef56000 	C:\Users\user\.vscode\extensions\redhat.java-1.50.0-win32-x64\jre\21.0.9-win32-x86_64\bin\nio.dll
0x00007fff1f1e0000 - 0x00007fff1f1f0000 	c:\Users\user\.vscode\extensions\redhat.java-1.50.0-win32-x64\jre\21.0.9-win32-x86_64\bin\verify.dll

JVMTI agents:
c:\Users\user\.vscode\extensions\redhat.java-1.50.0-win32-x64\lombok\lombok-1.18.39-4050.jar path:c:\Users\user\.vscode\extensions\redhat.java-1.50.0-win32-x64\jre\21.0.9-win32-x86_64\bin\instrument.dll, loaded, initialized, instrumentlib options:none

dbghelp: loaded successfully - version: 4.0.5 - missing functions: none
symbol engine: initialized successfully - sym options: 0x614 - pdb path: .;c:\Users\user\.vscode\extensions\redhat.java-1.50.0-win32-x64\jre\21.0.9-win32-x86_64\bin;C:\WINDOWS\SYSTEM32;C:\Program Files\Avast Software\Avast;C:\WINDOWS\WinSxS\amd64_microsoft.windows.common-controls_6595b64144ccf1df_6.0.19041.1110_none_60b5254171f9507e;c:\Users\user\.vscode\extensions\redhat.java-1.50.0-win32-x64\jre\21.0.9-win32-x86_64\bin\server

VM Arguments:
jvm_args: --add-modules=ALL-SYSTEM --add-opens=java.base/java.util=ALL-UNNAMED --add-opens=java.base/java.lang=ALL-UNNAMED --add-opens=java.base/sun.nio.fs=ALL-UNNAMED -Declipse.application=org.eclipse.jdt.ls.core.id1 -Dosgi.bundles.defaultStartLevel=4 -Declipse.product=org.eclipse.jdt.ls.core.product -Djava.import.generatesMetadataFilesAtProjectRoot=false -DDetectVMInstallationsJob.disabled=true -Dfile.encoding=utf8 -XX:+UseParallelGC -XX:GCTimeRatio=4 -XX:AdaptiveSizePolicyWeight=90 -Dsun.zip.disableMemoryMapping=true -Xmx2G -Xms100m -Xlog:disable -javaagent:c:\Users\user\.vscode\extensions\redhat.java-1.50.0-win32-x64\lombok\lombok-1.18.39-4050.jar -XX:+HeapDumpOnOutOfMemoryError -XX:HeapDumpPath=c:\Users\user\AppData\Roaming\Code\User\workspaceStorage\1497b81ebb6a540a594010e5a6647125\redhat.java -Daether.dependencyCollector.impl=bf 
java_command: c:\Users\user\.vscode\extensions\redhat.java-1.50.0-win32-x64\server\plugins\org.eclipse.equinox.launcher_1.7.100.v20251111-0406.jar -configuration c:\Users\user\AppData\Roaming\Code\User\globalStorage\redhat.java\1.50.0\config_win -data c:\Users\user\AppData\Roaming\Code\User\workspaceStorage\1497b81ebb6a540a594010e5a6647125\redhat.java\jdt_ws --pipe=\\.\pipe\lsp-f2a83f9a8f85adbf01bd54ba3884d494-sock
java_class_path (initial): c:\Users\user\.vscode\extensions\redhat.java-1.50.0-win32-x64\server\plugins\org.eclipse.equinox.launcher_1.7.100.v20251111-0406.jar
Launcher Type: SUN_STANDARD

[Global flags]
    uintx AdaptiveSizePolicyWeight                 = 90                                        {product} {command line}
     intx CICompilerCount                          = 3                                         {product} {ergonomic}
    uintx GCTimeRatio                              = 4                                         {product} {command line}
     bool HeapDumpOnOutOfMemoryError               = true                                   {manageable} {command line}
    ccstr HeapDumpPath                             = c:\Users\user\AppData\Roaming\Code\User\workspaceStorage\1497b81ebb6a540a594010e5a6647125\redhat.java         {manageable} {command line}
   size_t InitialHeapSize                          = 104857600                                 {product} {command line}
   size_t MaxHeapSize                              = 2147483648                                {product} {command line}
   size_t MaxNewSize                               = 715653120                                 {product} {ergonomic}
   size_t MinHeapDeltaBytes                        = 524288                                    {product} {ergonomic}
   size_t MinHeapSize                              = 104857600                                 {product} {command line}
   size_t NewSize                                  = 34603008                                  {product} {ergonomic}
    uintx NonNMethodCodeHeapSize                   = 5832780                                {pd product} {ergonomic}
    uintx NonProfiledCodeHeapSize                  = 122912730                              {pd product} {ergonomic}
   size_t OldSize                                  = 70254592                                  {product} {ergonomic}
    uintx ProfiledCodeHeapSize                     = 122912730                              {pd product} {ergonomic}
    uintx ReservedCodeCacheSize                    = 251658240                              {pd product} {ergonomic}
     bool SegmentedCodeCache                       = true                                      {product} {ergonomic}
   size_t SoftMaxHeapSize                          = 2147483648                             {manageable} {ergonomic}
     bool UseCompressedOops                        = true                           {product lp64_product} {ergonomic}
     bool UseLargePagesIndividualAllocation        = false                                  {pd product} {ergonomic}
     bool UseParallelGC                            = true                                      {product} {command line}

Logging:
Log output configuration:
 #0: stdout all=off uptime,level,tags foldmultilines=false
 #1: stderr all=off uptime,level,tags foldmultilines=false

Release file:
JAVA_VERSION="21.0.9" 
MODULES="java.base java.compiler java.datatransfer java.xml java.prefs java.desktop java.instrument java.logging java.management java.security.sasl java.naming java.rmi java.management.rmi java.net.http java.scripting java.security.jgss java.transaction.xa java.sql java.sql.rowset java.xml.crypto java.se java.smartcardio jdk.accessibility jdk.internal.jvmstat jdk.attach jdk.charsets jdk.internal.opt jdk.zipfs jdk.compiler jdk.crypto.ec jdk.crypto.cryptoki jdk.crypto.mscapi jdk.dynalink jdk.internal.ed jdk.editpad jdk.hotspot.agent jdk.httpserver jdk.internal.le jdk.internal.vm.ci jdk.internal.vm.compiler jdk.internal.vm.compiler.management jdk.jartool jdk.javadoc jdk.jcmd jdk.management jdk.management.agent jdk.jconsole jdk.jdeps jdk.jdwp.agent jdk.jdi jdk.jfr jdk.jshell jdk.jsobject jdk.jstatd jdk.localedata jdk.management.jfr jdk.naming.dns jdk.naming.rmi jdk.net jdk.nio.mapmode jdk.random jdk.sctp jdk.security.auth jdk.security.jgss jdk.unsupported jdk.unsupported.desktop jdk.xml.dom" 

Environment Variables:
PATH=C:\Program Files\Common Files\Siemens\Automation\Simatic OAM\bin;C:\Program Files (x86)\Common Files\Intel\Shared Libraries\redist\intel64\compiler;C:\Program Files\Common Files\Oracle\Java\javapath;C:\Program Files (x86)\Common Files\Oracle\Java\javapath;C:\ProgramData\Oracle\Java\javapath;C:\WINDOWS\system32;C:\WINDOWS;C:\WINDOWS\System32\Wbem;C:\WINDOWS\System32\WindowsPowerShell\v1.0\;C:\WINDOWS\System32\OpenSSH\;C:\Program Files\dotnet\;E:\MathWorks MATLAB R2024a x64 Win\Crack\runtime\win64;E:\MathWorks MATLAB R2024a x64 Win\Crack\bin;C:\Program Files\Polyspace\R2020a\runtime\win64;C:\Program Files\Polyspace\R2020a\bin;C:\Program Files\Git\cmd;E:\;E:\atmely\bin;E:\ass\VSrules\;C:\ProgramData\chocolatey\bin;E:\v97\runtime\win64;C:\Users\user\AppData\Local\Programs\Python\Python312\Scripts;C:\Users\user\AppData\Roaming\Python\Python312\Scripts;C:\Program Files (x86)\Windows Kits\10\Windows Performance Toolkit\;C:\Program Files\nodejs\;E:\New folder (2)\cursor\resources\app\bin;C:\Users\user\.console-ninja\.bin;C:\Users\user\AppData\Local\Programs\Python\Python312\Scripts\;C:\Users\user\AppData\Local\Programs\Python\Python312\;C:\Users\user\AppData\Local\Microsoft\WindowsApps;C:\Program Files\JetBrains\PyCharm Community Edition 2022.1.3\bin;C:\Users\user\AppData\Local\Programs\Microsoft VS Code\bin;C:\Users\user\.dotnet\tools;C:\Users\user\AppData\Local\GitHubDesktop\bin;C:\Program Files\Tesseract-OCR;E:\mosquitto;C:\Users\user\AppData\Roaming\npm
USERNAME=user
OS=Windows_NT
PROCESSOR_IDENTIFIER=Intel64 Family 6 Model 78 Stepping 3, GenuineIntel
TMP=C:\Users\user\AppData\Local\Temp
TEMP=C:\Users\user\AppData\Local\Temp




Periodic native trim disabled

---------------  S Y S T E M  ---------------

OS:
 Windows 10 , 64 bit Build 19041 (10.0.19041.1806)
OS uptime: 0 days 5:34 hours
Hyper-V role detected

CPU: total 4 (initial active 4) (2 cores per cpu, 2 threads per core) family 6 model 78 stepping 3 microcode 0xf0, cx8, cmov, fxsr, ht, mmx, 3dnowpref, sse, sse2, sse3, ssse3, sse4.1, sse4.2, popcnt, lzcnt, tsc, tscinvbit, avx, avx2, aes, erms, clmul, bmi1, bmi2, rtm, adx, fma, vzeroupper, clflush, clflushopt, hv, rdtscp, f16c
Processor Information for the first 4 processors :
  Max Mhz: 2496, Current Mhz: 2396, Mhz Limit: 2396

Memory: 4k page, system-wide physical 8067M (432M free)
TotalPageFile size 20890M (AvailPageFile size 4M)
current process WorkingSet (physical memory assigned to process): 56M, peak: 56M
current process commit charge ("private bytes"): 216M, peak: 216M

vm_info: OpenJDK 64-Bit Server VM (21.0.9+10-LTS) for windows-amd64 JRE (21.0.9+10-LTS), built on 2025-10-21T00:00:00Z by "admin" with unknown MS VC++:1942

END.
